Component: ARM Compiler 5.06 update 5 (build 528) Tool: armlink [4d35e2]

==============================================================================

Section Cross References

    main.o(i.Clamp_or_place) refers to stm32f10x_tim.o(i.TIM_SetCompare1) for TIM_SetCompare1
    main.o(i.Clamp_or_place) refers to bsp_delay.o(i.delay_ms) for delay_ms
    main.o(i.Coordinate_Transformation) refers to _printf_percent.o(.ARM.Collect$$_printf_percent$$00000000) for _printf_percent
    main.o(i.Coordinate_Transformation) refers to _printf_f.o(.ARM.Collect$$_printf_percent$$00000003) for _printf_f
    main.o(i.Coordinate_Transformation) refers to printf1.o(x$fpl$printf1) for _printf_fp_dec
    main.o(i.Coordinate_Transformation) refers to fflt_clz.o(x$fpl$fflt) for __aeabi_i2f
    main.o(i.Coordinate_Transformation) refers to dflt_clz.o(x$fpl$dflt) for __aeabi_i2d
    main.o(i.Coordinate_Transformation) refers to pow.o(i.pow) for pow
    main.o(i.Coordinate_Transformation) refers to daddsub_clz.o(x$fpl$dadd) for __aeabi_dadd
    main.o(i.Coordinate_Transformation) refers to sqrt.o(i.sqrt) for sqrt
    main.o(i.Coordinate_Transformation) refers to d2f.o(x$fpl$d2f) for __aeabi_d2f
    main.o(i.Coordinate_Transformation) refers to f2d.o(x$fpl$f2d) for __aeabi_f2d
    main.o(i.Coordinate_Transformation) refers to noretval__2printf.o(.text) for __2printf
    main.o(i.Coordinate_Transformation) refers to fdiv.o(x$fpl$fdiv) for __aeabi_fdiv
    main.o(i.Coordinate_Transformation) refers to atan.o(i.atan) for atan
    main.o(i.Coordinate_Transformation) refers to dmul.o(x$fpl$dmul) for __aeabi_dmul
    main.o(i.Coordinate_Transformation) refers to ddiv.o(x$fpl$ddiv) for __aeabi_ddiv
    main.o(i.Coordinate_Transformation) refers to fflt_clz.o(x$fpl$ffltu) for __aeabi_ui2f
    main.o(i.Coordinate_Transformation) refers to faddsub_clz.o(x$fpl$fadd) for __aeabi_fadd
    main.o(i.Coordinate_Transformation) refers to frleqf.o(x$fpl$frleqf) for __aeabi_cfrcmple
    main.o(i.Coordinate_Transformation) refers to daddsub_clz.o(x$fpl$drsb) for __aeabi_drsub
    main.o(i.Coordinate_Transformation) refers to dfixu.o(x$fpl$dfixu) for __aeabi_d2uiz
    main.o(i.Coordinate_Transformation) refers to fmul.o(x$fpl$fmul) for __aeabi_fmul
    main.o(i.Coordinate_Transformation) refers to faddsub_clz.o(x$fpl$fsub) for __aeabi_fsub
    main.o(i.Coordinate_Transformation) refers to acos.o(i.acos) for acos
    main.o(i.Coordinate_Transformation) refers to fleqf.o(x$fpl$fleqf) for __aeabi_cfcmple
    main.o(i.Describing_Circle) refers to _printf_percent.o(.ARM.Collect$$_printf_percent$$00000000) for _printf_percent
    main.o(i.Describing_Circle) refers to _printf_d.o(.ARM.Collect$$_printf_percent$$00000009) for _printf_d
    main.o(i.Describing_Circle) refers to _printf_dec.o(.text) for _printf_int_dec
    main.o(i.Describing_Circle) refers to f2d.o(x$fpl$f2d) for __aeabi_f2d
    main.o(i.Describing_Circle) refers to dmul.o(x$fpl$dmul) for __aeabi_dmul
    main.o(i.Describing_Circle) refers to ddiv.o(x$fpl$ddiv) for __aeabi_ddiv
    main.o(i.Describing_Circle) refers to cos.o(i.cos) for cos
    main.o(i.Describing_Circle) refers to dflt_clz.o(x$fpl$dflt) for __aeabi_i2d
    main.o(i.Describing_Circle) refers to dfix.o(x$fpl$dfix) for __aeabi_d2iz
    main.o(i.Describing_Circle) refers to sin.o(i.sin) for sin
    main.o(i.Describing_Circle) refers to main.o(i.Solved_Coordinates) for Solved_Coordinates
    main.o(i.Describing_Circle) refers to main.o(i.Set_speed_Allservol) for Set_speed_Allservol
    main.o(i.Describing_Circle) refers to noretval__2printf.o(.text) for __2printf
    main.o(i.Describing_Circle) refers to faddsub_clz.o(x$fpl$fadd) for __aeabi_fadd
    main.o(i.Describing_Circle) refers to fleqf.o(x$fpl$fleqf) for __aeabi_cfcmple
    main.o(i.Ease_The_Helm) refers to stm32f10x_tim.o(i.TIM_SetCompare1) for TIM_SetCompare1
    main.o(i.Ease_The_Helm) refers to stm32f10x_tim.o(i.TIM_SetCompare4) for TIM_SetCompare4
    main.o(i.Ease_The_Helm) refers to stm32f10x_tim.o(i.TIM_SetCompare3) for TIM_SetCompare3
    main.o(i.Ease_The_Helm) refers to bsp_delay.o(i.delay_ms) for delay_ms
    main.o(i.Ease_The_Helm) refers to main.o(.data) for servol
    main.o(i.Ease_The_Helm_c) refers to fflt_clz.o(x$fpl$fflt) for __aeabi_i2f
    main.o(i.Ease_The_Helm_c) refers to fdiv.o(x$fpl$fdiv) for __aeabi_fdiv
    main.o(i.Ease_The_Helm_c) refers to f2d.o(x$fpl$f2d) for __aeabi_f2d
    main.o(i.Ease_The_Helm_c) refers to atan.o(i.atan) for atan
    main.o(i.Ease_The_Helm_c) refers to dmul.o(x$fpl$dmul) for __aeabi_dmul
    main.o(i.Ease_The_Helm_c) refers to ddiv.o(x$fpl$ddiv) for __aeabi_ddiv
    main.o(i.Ease_The_Helm_c) refers to daddsub_clz.o(x$fpl$dadd) for __aeabi_dadd
    main.o(i.Ease_The_Helm_c) refers to dfix.o(x$fpl$dfix) for __aeabi_d2iz
    main.o(i.Ease_The_Helm_c) refers to daddsub_clz.o(x$fpl$drsb) for __aeabi_drsub
    main.o(i.Ease_The_Helm_c) refers to stm32f10x_tim.o(i.TIM_SetCompare1) for TIM_SetCompare1
[...]
    .ARM.Collect$$libinit$$0000000A          0x08000172   Section        0  libinit2.o(.ARM.Collect$$libinit$$0000000A)
    .ARM.Collect$$libinit$$0000000C          0x08000172   Section        0  libinit2.o(.ARM.Collect$$libinit$$0000000C)
    .ARM.Collect$$libinit$$0000000E          0x08000172   Section        0  libinit2.o(.ARM.Collect$$libinit$$0000000E)
    .ARM.Collect$$libinit$$0000000F          0x08000172   Section        6  libinit2.o(.ARM.Collect$$libinit$$0000000F)
    .ARM.Collect$$libinit$$00000011          0x08000178   Section        0  libinit2.o(.ARM.Collect$$libinit$$00000011)
    .ARM.Collect$$libinit$$00000013          0x08000178   Section        0  libinit2.o(.ARM.Collect$$libinit$$00000013)
    .ARM.Collect$$libinit$$00000015          0x08000178   Section        0  libinit2.o(.ARM.Collect$$libinit$$00000015)
    .ARM.Collect$$libinit$$00000016          0x08000178   Section       10  libinit2.o(.ARM.Collect$$libinit$$00000016)
    .ARM.Collect$$libinit$$00000017          0x08000182   Section        0  libinit2.o(.ARM.Collect$$libinit$$00000017)
    .ARM.Collect$$libinit$$00000019          0x08000182   Section        0  libinit2.o(.ARM.Collect$$libinit$$00000019)
    .ARM.Collect$$libinit$$0000001B          0x08000182   Section        0  libinit2.o(.ARM.Collect$$libinit$$0000001B)
    .ARM.Collect$$libinit$$0000001D          0x08000182   Section        0  libinit2.o(.ARM.Collect$$libinit$$0000001D)
    .ARM.Collect$$libinit$$0000001F          0x08000182   Section        0  libinit2.o(.ARM.Collect$$libinit$$0000001F)
    .ARM.Collect$$libinit$$00000021          0x08000182   Section        0  libinit2.o(.ARM.Collect$$libinit$$00000021)
    .ARM.Collect$$libinit$$00000023          0x08000182   Section        0  libinit2.o(.ARM.Collect$$libinit$$00000023)
    .ARM.Collect$$libinit$$00000025          0x08000182   Section        0  libinit2.o(.ARM.Collect$$libinit$$00000025)
    .ARM.Collect$$libinit$$0000002C          0x08000182   Section        0  libinit2.o(.ARM.Collect$$libinit$$0000002C)
    .ARM.Collect$$libinit$$0000002E          0x08000182   Section        0  libinit2.o(.ARM.Collect$$libinit$$0000002E)
    .ARM.Collect$$libinit$$00000030          0x08000182   Section        0  libinit2.o(.ARM.Collect$$libinit$$00000030)
    .ARM.Collect$$libinit$$00000032          0x08000182   Section        0  libinit2.o(.ARM.Collect$$libinit$$00000032)
    .ARM.Collect$$libinit$$00000033          0x08000182   Section        2  libinit2.o(.ARM.Collect$$libinit$$00000033)
    .ARM.Collect$$libshutdown$$00000000      0x08000184   Section        2  libshutdown.o(.ARM.Collect$$libshutdown$$00000000)
    .ARM.Collect$$libshutdown$$00000002      0x08000186   Section        0  libshutdown2.o(.ARM.Collect$$libshutdown$$00000002)
    .ARM.Collect$$libshutdown$$00000004      0x08000186   Section        0  libshutdown2.o(.ARM.Collect$$libshutdown$$00000004)
    .ARM.Collect$$libshutdown$$00000007      0x08000186   Section        0  libshutdown2.o(.ARM.Collect$$libshutdown$$00000007)
    .ARM.Collect$$libshutdown$$0000000A      0x08000186   Section        0  libshutdown2.o(.ARM.Collect$$libshutdown$$0000000A)
    .ARM.Collect$$libshutdown$$0000000C      0x08000186   Section        0  libshutdown2.o(.ARM.Collect$$libshutdown$$0000000C)
    .ARM.Collect$$libshutdown$$0000000F      0x08000186   Section        0  libshutdown2.o(.ARM.Collect$$libshutdown$$0000000F)
    .ARM.Collect$$libshutdown$$00000010      0x08000186   Section        2  libshutdown2.o(.ARM.Collect$$libshutdown$$00000010)
    .ARM.Collect$$rtentry$$00000000          0x08000188   Section        0  __rtentry.o(.ARM.Collect$$rtentry$$00000000)
    .ARM.Collect$$rtentry$$00000002          0x08000188   Section        0  __rtentry2.o(.ARM.Collect$$rtentry$$00000002)
    .ARM.Collect$$rtentry$$00000004          0x08000188   Section        6  __rtentry4.o(.ARM.Collect$$rtentry$$00000004)
    .ARM.Collect$$rtentry$$00000009          0x0800018e   Section        0  __rtentry2.o(.ARM.Collect$$rtentry$$00000009)
    .ARM.Collect$$rtentry$$0000000A          0x0800018e   Section        4  __rtentry2.o(.ARM.Collect$$rtentry$$0000000A)
    .ARM.Collect$$rtentry$$0000000C          0x08000192   Section        0  __rtentry2.o(.ARM.Collect$$rtentry$$0000000C)
    .ARM.Collect$$rtentry$$0000000D          0x08000192   Section        8  __rtentry2.o(.ARM.Collect$$rtentry$$0000000D)
    .ARM.Collect$$rtexit$$00000000           0x0800019a   Section        2  rtexit.o(.ARM.Collect$$rtexit$$00000000)
    .ARM.Collect$$rtexit$$00000002           0x0800019c   Section        0  rtexit2.o(.ARM.Collect$$rtexit$$00000002)
    .ARM.Collect$$rtexit$$00000003           0x0800019c   Section        4  rtexit2.o(.ARM.Collect$$rtexit$$00000003)
    .ARM.Collect$$rtexit$$00000004           0x080001a0   Section        6  rtexit2.o(.ARM.Collect$$rtexit$$00000004)
    .text                                    0x080001a8   Section       64  startup_stm32f10x_ld.o(.text)
    .text                                    0x080001e8   Section        2  use_no_semi_2.o(.text)
    .text                                    0x080001ec   Section        0  noretval__2printf.o(.text)
    .text                                    0x08000204   Section        0  __printf.o(.text)
    .text                                    0x0800026c   Section        0  _printf_dec.o(.text)
    .text                                    0x080002e4   Section        0  heapauxi.o(.text)
    .text                                    0x080002ea   Section        2  use_no_semi.o(.text)
    .text                                    0x080002ec   Section        0  _rserrno.o(.text)
    .text                                    0x08000302   Section        0  _printf_intcommon.o(.text)
    .text                                    0x080003b4   Section        0  _printf_fp_dec.o(.text)
    _fp_digits                               0x080003b7   Thumb Code   432  _printf_fp_dec.o(.text)
    .text                                    0x080007d4   Section        0  _printf_char_file.o(.text)
    .text                                    0x080007f8   Section        8  rt_locale_intlibspace.o(.text)
    .text                                    0x08000800   Section        8  rt_errno_addr_intlibspace.o(.text)
    .text                                    0x08000808   Section      138  lludiv10.o(.text)
    .text                                    0x08000894   Section        0  _printf_char_common.o(.text)
    _printf_input_char                       0x08000895   Thumb Code    10  _printf_char_common.o(.text)
    .text                                    0x080008c4   Section        0  _printf_fp_infnan.o(.text)
    .text                                    0x08000944   Section        0  bigflt0.o(.text)
    .text                                    0x08000a28   Section        0  ferror.o(.text)
    .text                                    0x08000a30   Section        8  libspace.o(.text)
    .text                                    0x08000a38   Section       74  sys_stackheap_outer.o(.text)
    .text                                    0x08000a82   Section        0  exit.o(.text)
    .text                                    0x08000a94   Section      128  strcmpv7m.o(.text)
    CL$$btod_d2e                             0x08000b14   Section       62  btod.o(CL$$btod_d2e)
    CL$$btod_d2e_denorm_low                  0x08000b52   Section       70  btod.o(CL$$btod_d2e_denorm_low)
    CL$$btod_d2e_norm_op1                    0x08000b98   Section       96  btod.o(CL$$btod_d2e_norm_op1)
    CL$$btod_div_common                      0x08000bf8   Section      824  btod.o(CL$$btod_div_common)
    CL$$btod_e2e                             0x08000f30   Section      220  btod.o(CL$$btod_e2e)
    CL$$btod_ediv                            0x0800100c   Section       42  btod.o(CL$$btod_ediv)
    CL$$btod_emul                            0x08001036   Section       42  btod.o(CL$$btod_emul)
    CL$$btod_mult_common                     0x08001060   Section      580  btod.o(CL$$btod_mult_common)
    i.Clamp_or_place                         0x080012a4   Section        0  main.o(i.Clamp_or_place)
    i.Coordinate_Transformation              0x080012f4   Section        0  main.o(i.Coordinate_Transformation)
    i.Describing_Circle                      0x08001b0c   Section        0  main.o(i.Describing_Circle)
    i.Ease_The_Helm                          0x08001c48   Section        0  main.o(i.Ease_The_Helm)
    i.Ease_The_Helm_c                        0x08001e34   Section        0  main.o(i.Ease_The_Helm_c)
    i.GPIO_Init                              0x08002114   Section        0  stm32f10x_gpio.o(i.GPIO_Init)
    i.GPIO_WriteBit                          0x0800222a   Section        0  stm32f10x_gpio.o(i.GPIO_WriteBit)
    i.Motion_execution                       0x08002234   Section        0  main.o(i.Motion_execution)
    i.NVIC_Init                              0x080022d0   Section        0  misc.o(i.NVIC_Init)
    i.NVIC_PriorityGroupConfig               0x08002340   Section        0  misc.o(i.NVIC_PriorityGroupConfig)
    i.Pwm1_Init                              0x08002354   Section        0  pwm_app.o(i.Pwm1_Init)
    i.Pwm4_Init                              0x08002378   Section        0  pwm_app.o(i.Pwm4_Init)
    i.Pwm5_Init                              0x0800239c   Section        0  pwm_app.o(i.Pwm5_Init)
    i.Pwm7_Init                              0x080023bc   Section        0  pwm_app.o(i.Pwm7_Init)
    i.Pwm8_Init                              0x080023e0   Section        0  pwm_app.o(i.Pwm8_Init)
    i.RCC_APB1PeriphClockCmd                 0x08002400   Section        0  stm32f10x_rcc.o(i.RCC_APB1PeriphClockCmd)
    i.RCC_APB2PeriphClockCmd                 0x08002420   Section        0  stm32f10x_rcc.o(i.RCC_APB2PeriphClockCmd)
    i.RCC_GetClocksFreq                      0x08002440   Section        0  stm32f10x_rcc.o(i.RCC_GetClocksFreq)
    i.Receiving_Process                      0x08002514   Section        0  main.o(i.Receiving_Process)
    i.Servol_Init                            0x080026c0   Section        0  main.o(i.Servol_Init)
    i.SetSysClock                            0x08002738   Section        0  system_stm32f10x.o(i.SetSysClock)
    SetSysClock                              0x08002739   Thumb Code     8  system_stm32f10x.o(i.SetSysClock)
    i.SetSysClockTo72                        0x08002740   Section        0  system_stm32f10x.o(i.SetSysClockTo72)
    SetSysClockTo72                          0x08002741   Thumb Code   214  system_stm32f10x.o(i.SetSysClockTo72)
    i.Set_speed_Allservol                    0x08002820   Section        0  main.o(i.Set_speed_Allservol)
    i.Solved_Coordinates                     0x08002a88   Section        0  main.o(i.Solved_Coordinates)
    i.SysTick_CLKSourceConfig                0x080039e8   Section        0  misc.o(i.SysTick_CLKSourceConfig)
    i.SystemInit                             0x08003a10   Section        0  system_stm32f10x.o(i.SystemInit)
    i.TIM_ARRPreloadConfig                   0x08003a70   Section        0  stm32f10x_tim.o(i.TIM_ARRPreloadConfig)
    i.TIM_Cmd                                0x08003a88   Section        0  stm32f10x_tim.o(i.TIM_Cmd)
    i.TIM_CtrlPWMOutputs                     0x08003aa0   Section        0  stm32f10x_tim.o(i.TIM_CtrlPWMOutputs)
    i.TIM_OC1Init                            0x08003ac0   Section        0  stm32f10x_tim.o(i.TIM_OC1Init)
    i.TIM_OC1PreloadConfig                   0x08003b58   Section        0  stm32f10x_tim.o(i.TIM_OC1PreloadConfig)
    i.TIM_OC2Init                            0x08003b6c   Section        0  stm32f10x_tim.o(i.TIM_OC2Init)
    i.TIM_OC2PreloadConfig                   0x08003c10   Section        0  stm32f10x_tim.o(i.TIM_OC2PreloadConfig)
    i.TIM_OC3Init                            0x08003c2c   Section        0  stm32f10x_tim.o(i.TIM_OC3Init)
    i.TIM_OC3PreloadConfig                   0x08003ccc   Section        0  stm32f10x_tim.o(i.TIM_OC3PreloadConfig)
    i.TIM_OC4Init                            0x08003ce0   Section        0  stm32f10x_tim.o(i.TIM_OC4Init)
    i.TIM_OC4PreloadConfig                   0x08003d5c   Section        0  stm32f10x_tim.o(i.TIM_OC4PreloadConfig)
    i.TIM_OCStructInit                       0x08003d76   Section        0  stm32f10x_tim.o(i.TIM_OCStructInit)
    i.TIM_SetCompare1                        0x08003d8a   Section        0  stm32f10x_tim.o(i.TIM_SetCompare1)
    i.TIM_SetCompare3                        0x08003d8e   Section        0  stm32f10x_tim.o(i.TIM_SetCompare3)
    i.TIM_SetCompare4                        0x08003d92   Section        0  stm32f10x_tim.o(i.TIM_SetCompare4)
    i.TIM_TimeBaseInit                       0x08003d98   Section        0  stm32f10x_tim.o(i.TIM_TimeBaseInit)
    i.USART1_IRQHandler                      0x08003e3c   Section        0  bsp_usart.o(i.USART1_IRQHandler)
    i.USART_Cmd                              0x08003ec4   Section        0  stm32f10x_usart.o(i.USART_Cmd)
    i.USART_GetITStatus                      0x08003edc   Section        0  stm32f10x_usart.o(i.USART_GetITStatus)
    i.USART_ITConfig                         0x08003f30   Section        0  stm32f10x_usart.o(i.USART_ITConfig)
    i.USART_Init                             0x08003f7c   Section        0  stm32f10x_usart.o(i.USART_Init)
    i.USART_ReceiveData                      0x08004054   Section        0  stm32f10x_usart.o(i.USART_ReceiveData)
    i.__ARM_fpclassify                       0x0800405e   Section        0  fpclassify.o(i.__ARM_fpclassify)
    i.__ieee754_rem_pio2                     0x08004088   Section        0  rred.o(i.__ieee754_rem_pio2)
    i.__kernel_cos                           0x08004410   Section        0  cos_i.o(i.__kernel_cos)
    i.__kernel_poly                          0x0800450c   Section        0  poly.o(i.__kernel_poly)
    i.__kernel_sin                           0x080045b8   Section        0  sin_i.o(i.__kernel_sin)
    i.__mathlib_dbl_divzero                  0x080046a4   Section        0  dunder.o(i.__mathlib_dbl_divzero)
    i.__mathlib_dbl_infnan                   0x080046b4   Section        0  dunder.o(i.__mathlib_dbl_infnan)
    i.__mathlib_dbl_infnan2                  0x080046ba   Section        0  dunder.o(i.__mathlib_dbl_infnan2)
    i.__mathlib_dbl_invalid                  0x080046be   Section        0  dunder.o(i.__mathlib_dbl_invalid)
    i.__mathlib_dbl_overflow                 0x080046ca   Section        0  dunder.o(i.__mathlib_dbl_overflow)
    i.__mathlib_dbl_underflow                0x080046d8   Section        0  dunder.o(i.__mathlib_dbl_underflow)
    i._sys_exit                              0x080046e8   Section        0  bsp_usart.o(i._sys_exit)
    i.acos                                   0x080046ec   Section        0  acos.o(i.acos)
    i.asin                                   0x08004968   Section        0  asin.o(i.asin)
    i.atan                                   0x08004bd8   Section        0  atan.o(i.atan)
    i.atan2                                  0x08004df8   Section        0  atan2.o(i.atan2)
    i.bsp_ConfigGpioOut                      0x08004f78   Section        0  pwm.o(i.bsp_ConfigGpioOut)
    i.bsp_ConfigTimGpio                      0x08004fa8   Section        0  pwm.o(i.bsp_ConfigTimGpio)
    i.bsp_GetRCCofGPIO                       0x08005008   Section        0  pwm.o(i.bsp_GetRCCofGPIO)
    i.bsp_GetRCCofTIM                        0x08005070   Section        0  pwm.o(i.bsp_GetRCCofTIM)
    i.bsp_SetTIMOutPWM                       0x080050a8   Section        0  pwm.o(i.bsp_SetTIMOutPWM)
    i.bsp_init                               0x080051e4   Section        0  bsp.o(i.bsp_init)
    i.cos                                    0x08005218   Section        0  cos.o(i.cos)
    i.delay_init                             0x080052b4   Section        0  bsp_delay.o(i.delay_init)
    i.delay_ms                               0x080052f8   Section        0  bsp_delay.o(i.delay_ms)
    i.fputc                                  0x08005344   Section        0  bsp_usart.o(i.fputc)
    i.main                                   0x08005360   Section        0  main.o(i.main)
    i.pow                                    0x08005370   Section        0  pow.o(i.pow)
    i.sin                                    0x08005d48   Section        0  sin.o(i.sin)
    i.sqrt                                   0x08005de8   Section        0  sqrt.o(i.sqrt)
    i.timer2_pwm_init                        0x08005e34   Section        0  pwm_app.o(i.timer2_pwm_init)
    i.uart_init                              0x08005e4c   Section        0  bsp_usart.o(i.uart_init)
    locale$$code                             0x08005ef0   Section       44  lc_numeric_c.o(locale$$code)
    x$fpl$d2f                                0x08005f1c   Section       98  d2f.o(x$fpl$d2f)
    x$fpl$dadd                               0x08005f80   Section      336  daddsub_clz.o(x$fpl$dadd)
    _dadd1                                   0x08005f91   Thumb Code     0  daddsub_clz.o(x$fpl$dadd)
    x$fpl$dcheck1                            0x080060d0   Section       16  dcheck1.o(x$fpl$dcheck1)
    x$fpl$dcmpinf                            0x080060e0   Section       24  dcmpi.o(x$fpl$dcmpinf)
    x$fpl$ddiv                               0x080060f8   Section      688  ddiv.o(x$fpl$ddiv)
    ddiv_entry                               0x080060ff   Thumb Code     0  ddiv.o(x$fpl$ddiv)
    x$fpl$dfix                               0x080063a8   Section       94  dfix.o(x$fpl$dfix)
    x$fpl$dfixu                              0x08006408   Section       90  dfixu.o(x$fpl$dfixu)
    x$fpl$dflt                               0x08006462   Section       46  dflt_clz.o(x$fpl$dflt)
    x$fpl$dfltu                              0x08006490   Section       38  dflt_clz.o(x$fpl$dfltu)
    x$fpl$dleqf                              0x080064b8   Section      120  dleqf.o(x$fpl$dleqf)
    x$fpl$dmul                               0x08006530   Section      340  dmul.o(x$fpl$dmul)
    x$fpl$dnaninf                            0x08006684   Section      156  dnaninf.o(x$fpl$dnaninf)
    x$fpl$dretinf                            0x08006720   Section       12  dretinf.o(x$fpl$dretinf)
    x$fpl$drleqf                             0x0800672c   Section      108  drleqf.o(x$fpl$drleqf)
    x$fpl$drsb                               0x08006798   Section       22  daddsub_clz.o(x$fpl$drsb)
    x$fpl$dsqrt                              0x080067b0   Section      460  dsqrt_noumaal.o(x$fpl$dsqrt)
    x$fpl$dsub                               0x0800697c   Section      468  daddsub_clz.o(x$fpl$dsub)
    _dsub1                                   0x0800698d   Thumb Code     0  daddsub_clz.o(x$fpl$dsub)
    x$fpl$f2d                                0x08006b50   Section       86  f2d.o(x$fpl$f2d)
    x$fpl$fadd                               0x08006ba8   Section      196  faddsub_clz.o(x$fpl$fadd)
    _fadd1                                   0x08006bb7   Thumb Code     0  faddsub_clz.o(x$fpl$fadd)
    x$fpl$fcmpinf                            0x08006c6c   Section       24  fcmpi.o(x$fpl$fcmpinf)
    x$fpl$fdiv                               0x08006c84   Section      388  fdiv.o(x$fpl$fdiv)
    _fdiv1                                   0x08006c85   Thumb Code     0  fdiv.o(x$fpl$fdiv)
    x$fpl$fflt                               0x08006e08   Section       48  fflt_clz.o(x$fpl$fflt)
    x$fpl$ffltu                              0x08006e38   Section       38  fflt_clz.o(x$fpl$ffltu)
    x$fpl$fleqf                              0x08006e60   Section      104  fleqf.o(x$fpl$fleqf)
    x$fpl$fmul                               0x08006ec8   Section      258  fmul.o(x$fpl$fmul)
    x$fpl$fnaninf                            0x08006fca   Section      140  fnaninf.o(x$fpl$fnaninf)
    x$fpl$fretinf                            0x08007056   Section       10  fretinf.o(x$fpl$fretinf)
    x$fpl$frleqf                             0x08007060   Section       98  frleqf.o(x$fpl$frleqf)
    x$fpl$fsub                               0x080070c4   Section      234  faddsub_clz.o(x$fpl$fsub)
    _fsub1                                   0x080070d3   Thumb Code     0  faddsub_clz.o(x$fpl$fsub)
    x$fpl$printf1                            0x080071ae   Section        4  printf1.o(x$fpl$printf1)
    x$fpl$retnan                             0x080071b2   Section      100  retnan.o(x$fpl$retnan)
    x$fpl$scalbn                             0x08007216   Section       92  scalbn.o(x$fpl$scalbn)
    x$fpl$trapveneer                         0x08007272   Section       48  trapv.o(x$fpl$trapveneer)
    x$fpl$usenofp                            0x080072a2   Section        0  usenofp.o(x$fpl$usenofp)
    .constdata                               0x080072a8   Section       80  acos.o(.constdata)
    pS                                       0x080072a8   Data          48  acos.o(.constdata)
    qS                                       0x080072d8   Data          32  acos.o(.constdata)
    .constdata                               0x080072f8   Section       80  asin.o(.constdata)
    pS                                       0x080072f8   Data          48  asin.o(.constdata)
    qS                                       0x08007328   Data          32  asin.o(.constdata)
    .constdata                               0x08007348   Section      152  atan.o(.constdata)
    atanhi                                   0x08007348   Data          32  atan.o(.constdata)
    atanlo                                   0x08007368   Data          32  atan.o(.constdata)
    aTodd                                    0x08007388   Data          40  atan.o(.constdata)
    aTeven                                   0x080073b0   Data          48  atan.o(.constdata)
    .constdata                               0x080073e0   Section      136  pow.o(.constdata)
    bp                                       0x080073e0   Data          16  pow.o(.constdata)
    dp_h                                     0x080073f0   Data          16  pow.o(.constdata)
    dp_l                                     0x08007400   Data          16  pow.o(.constdata)
    L                                        0x08007410   Data          48  pow.o(.constdata)
    P                                        0x08007440   Data          40  pow.o(.constdata)
    .constdata                               0x08007468   Section       48  cos_i.o(.constdata)
    C                                        0x08007468   Data          48  cos_i.o(.constdata)
    .constdata                               0x08007498   Section        8  qnan.o(.constdata)
    .constdata                               0x080074a0   Section      200  rred.o(.constdata)
    pio2s                                    0x080074a0   Data          48  rred.o(.constdata)
    twooverpi                                0x080074d0   Data         152  rred.o(.constdata)
    .constdata                               0x08007568   Section       40  sin_i.o(.constdata)
    S                                        0x08007568   Data          40  sin_i.o(.constdata)
    .constdata                               0x08007590   Section      148  bigflt0.o(.constdata)
    tenpwrs_x                                0x08007590   Data          60  bigflt0.o(.constdata)
    tenpwrs_i                                0x080075cc   Data          64  bigflt0.o(.constdata)
    locale$$data                             0x08007644   Section       28  lc_numeric_c.o(locale$$data)
    __lcnum_c_name                           0x08007648   Data           2  lc_numeric_c.o(locale$$data)
    __lcnum_c_start                          0x08007650   Data           0  lc_numeric_c.o(locale$$data)
    __lcnum_c_point                          0x0800765c   Data           0  lc_numeric_c.o(locale$$data)
    __lcnum_c_thousands                      0x0800765e   Data           0  lc_numeric_c.o(locale$$data)
    __lcnum_c_grouping                       0x0800765f   Data           0  lc_numeric_c.o(locale$$data)
    __lcnum_c_end                            0x08007660   Data           0  lc_numeric_c.o(locale$$data)
    .data                                    0x20000000   Section        6  main.o(.data)
    .data                                    0x20000008   Section        6  bsp_usart.o(.data)
    .data                                    0x2000000e   Section        4  bsp_delay.o(.data)
    fac_us                                   0x2000000e   Data           1  bsp_delay.o(.data)
    fac_ms                                   0x20000010   Data           2  bsp_delay.o(.data)
    .data                                    0x20000012   Section       20  stm32f10x_rcc.o(.data)
    APBAHBPrescTable                         0x20000012   Data          16  stm32f10x_rcc.o(.data)
    ADCPrescTable                            0x20000022   Data           4  stm32f10x_rcc.o(.data)
    .data                                    0x20000028   Section       20  system_stm32f10x.o(.data)
    .bss                                     0x2000003c   Section       20  main.o(.bss)
    .bss                                     0x20000050   Section      200  bsp_usart.o(.bss)
    .bss                                     0x20000118   Section       96  libspace.o(.bss)
    HEAP                                     0x20000178   Section      512  startup_stm32f10x_ld.o(HEAP)
    Heap_Mem                                 0x20000178   Data         512  startup_stm32f10x_ld.o(HEAP)
    STACK                                    0x20000378   Section     1024  startup_stm32f10x_ld.o(STACK)
    Stack_Mem                                0x20000378   Data        1024  startup_stm32f10x_ld.o(STACK)
    __initial_sp                             0x20000778   Data           0  startup_stm32f10x_ld.o(STACK)

    Global Symbols

    Symbol Name                              Value     Ov Type        Size  Object(Section)

    BuildAttributes$$THM_ISAv4$P$D$K$B$S$PE$A:L22UL41UL21$X:L11$S22US41US21$IEEE1$IW$USESV6$~STKCKD$USESV7$~SHL$OTIME$ROPI$IEEEX$EBA8$UX$STANDARDLIB$REQ8$PRES8$EABIv2 0x00000000   Number         0  anon$$obj.o ABSOLUTE
    __ARM_use_no_argv                        0x00000000   Number         0  main.o ABSOLUTE
    __ARM_exceptions_init                     - Undefined Weak Reference
    __alloca_initialize                       - Undefined Weak Reference
    __arm_preinit_                            - Undefined Weak Reference
    __cpp_initialize__aeabi_                  - Undefined Weak Reference
    __cxa_finalize                            - Undefined Weak Reference
    __sigvec_lookup                           - Undefined Weak Reference
    _atexit_init                              - Undefined Weak Reference
    _call_atexit_fns                          - Undefined Weak Reference
    _clock_init                               - Undefined Weak Reference
    _fp_trap_init                             - Undefined Weak Reference
    _fp_trap_shutdown                         - Undefined Weak Reference
    _get_lc_collate                           - Undefined Weak Reference
    _get_lc_ctype                             - Undefined Weak Reference
    _get_lc_monetary                          - Undefined Weak Reference
    _get_lc_time                              - Undefined Weak Reference
    _getenv_init                              - Undefined Weak Reference
    _handle_redirection                       - Undefined Weak Reference
    _init_alloc                               - Undefined Weak Reference
    _init_user_alloc                          - Undefined Weak Reference
    _initio                                   - Undefined Weak Reference
    _mutex_acquire                            - Undefined Weak Reference
    _mutex_release                            - Undefined Weak Reference
    _printf_post_padding                      - Undefined Weak Reference
    _printf_pre_padding                       - Undefined Weak Reference
    _printf_truncate_signed                   - Undefined Weak Reference
    _printf_truncate_unsigned                 - Undefined Weak Reference
    _rand_init                                - Undefined Weak Reference
    _signal_finish                            - Undefined Weak Reference
    _signal_init                              - Undefined Weak Reference
    _terminate_alloc                          - Undefined Weak Reference
    _terminate_user_alloc                     - Undefined Weak Reference
    _terminateio                              - Undefined Weak Reference
    __Vectors_Size                           0x000000ec   Number         0  startup_stm32f10x_ld.o ABSOLUTE
    __Vectors                                0x08000000   Data           4  startup_stm32f10x_ld.o(RESET)
    __Vectors_End                            0x080000ec   Data           0  startup_stm32f10x_ld.o(RESET)
    __main                                   0x080000ed   Thumb Code     8  __main.o(!!!main)
    __scatterload                            0x080000f5   Thumb Code     0  __scatter.o(!!!scatter)
    __scatterload_rt2                        0x080000f5   Thumb Code    44  __scatter.o(!!!scatter)
    __scatterload_rt2_thumb_only             0x080000f5   Thumb Code     0  __scatter.o(!!!scatter)
    __scatterload_null                       0x08000103   Thumb Code     0  __scatter.o(!!!scatter)
    __scatterload_copy                       0x08000129   Thumb Code    26  __scatter_copy.o(!!handler_copy)
    __scatterload_zeroinit                   0x08000145   Thumb Code    28  __scatter_zi.o(!!handler_zi)
    _printf_f                                0x08000161   Thumb Code     0  _printf_f.o(.ARM.Collect$$_printf_percent$$00000003)
    _printf_percent                          0x08000161   Thumb Code     0  _printf_percent.o(.ARM.Collect$$_printf_percent$$00000000)
    _printf_d                                0x08000167   Thumb Code     0  _printf_d.o(.ARM.Collect$$_printf_percent$$00000009)
    _printf_percent_end                      0x0800016d   Thumb Code     0  _printf_percent_end.o(.ARM.Collect$$_printf_percent$$00000017)
    __rt_lib_init                            0x08000171   Thumb Code     0  libinit.o(.ARM.Collect$$libinit$$00000000)
    __rt_lib_init_fp_1                       0x08000173   Thumb Code     0  libinit2.o(.ARM.Collect$$libinit$$00000002)
    __rt_lib_init_heap_1                     0x08000173   Thumb Code     0  libinit2.o(.ARM.Collect$$libinit$$0000000A)
    __rt_lib_init_lc_common                  0x08000173   Thumb Code     0  libinit2.o(.ARM.Collect$$libinit$$0000000F)
    __rt_lib_init_preinit_1                  0x08000173   Thumb Code     0  libinit2.o(.ARM.Collect$$libinit$$00000004)
    __rt_lib_init_rand_1                     0x08000173   Thumb Code     0  libinit2.o(.ARM.Collect$$libinit$$0000000E)
    __rt_lib_init_user_alloc_1               0x08000173   Thumb Code     0  libinit2.o(.ARM.Collect$$libinit$$0000000C)
    __rt_lib_init_lc_collate_1               0x08000179   Thumb Code     0  libinit2.o(.ARM.Collect$$libinit$$00000011)
    __rt_lib_init_lc_ctype_1                 0x08000179   Thumb Code     0  libinit2.o(.ARM.Collect$$libinit$$00000013)
    __rt_lib_init_lc_monetary_1              0x08000179   Thumb Code     0  libinit2.o(.ARM.Collect$$libinit$$00000015)
    __rt_lib_init_lc_numeric_2               0x08000179   Thumb Code     0  libinit2.o(.ARM.Collect$$libinit$$00000016)
    __rt_lib_init_alloca_1                   0x08000183   Thumb Code     0  libinit2.o(.ARM.Collect$$libinit$$0000002E)
    __rt_lib_init_argv_1                     0x08000183   Thumb Code     0  libinit2.o(.ARM.Collect$$libinit$$0000002C)
    __rt_lib_init_atexit_1                   0x08000183   Thumb Code     0  libinit2.o(.ARM.Collect$$libinit$$0000001B)
    __rt_lib_init_clock_1                    0x08000183   Thumb Code     0  libinit2.o(.ARM.Collect$$libinit$$00000021)
    __rt_lib_init_cpp_1                      0x08000183   Thumb Code     0  libinit2.o(.ARM.Collect$$libinit$$00000032)
    __rt_lib_init_exceptions_1               0x08000183   Thumb Code     0  libinit2.o(.ARM.Collect$$libinit$$00000030)
    __rt_lib_init_fp_trap_1                  0x08000183   Thumb Code     0  libinit2.o(.ARM.Collect$$libinit$$0000001F)
    __rt_lib_init_getenv_1                   0x08000183   Thumb Code     0  libinit2.o(.ARM.Collect$$libinit$$00000023)
    __rt_lib_init_lc_numeric_1               0x08000183   Thumb Code     0  libinit2.o(.ARM.Collect$$libinit$$00000017)
    __rt_lib_init_lc_time_1                  0x08000183   Thumb Code     0  libinit2.o(.ARM.Collect$$libinit$$00000019)
    __rt_lib_init_return                     0x08000183   Thumb Code     0  libinit2.o(.ARM.Collect$$libinit$$00000033)
    __rt_lib_init_signal_1                   0x08000183   Thumb Code     0  libinit2.o(.ARM.Collect$$libinit$$0000001D)
    __rt_lib_init_stdio_1                    0x08000183   Thumb Code     0  libinit2.o(.ARM.Collect$$libinit$$00000025)
    __rt_lib_shutdown                        0x08000185   Thumb Code     0  libshutdown.o(.ARM.Collect$$libshutdown$$00000000)
    __rt_lib_shutdown_cpp_1                  0x08000187   Thumb Code     0  libshutdown2.o(.ARM.Collect$$libshutdown$$00000002)
    __rt_lib_shutdown_fp_trap_1              0x08000187   Thumb Code     0  libshutdown2.o(.ARM.Collect$$libshutdown$$00000007)
    __rt_lib_shutdown_heap_1                 0x08000187   Thumb Code     0  libshutdown2.o(.ARM.Collect$$libshutdown$$0000000F)
    __rt_lib_shutdown_return                 0x08000187   Thumb Code     0  libshutdown2.o(.ARM.Collect$$libshutdown$$00000010)
    __rt_lib_shutdown_signal_1               0x08000187   Thumb Code     0  libshutdown2.o(.ARM.Collect$$libshutdown$$0000000A)
    __rt_lib_shutdown_stdio_1                0x08000187   Thumb Code     0  libshutdown2.o(.ARM.Collect$$libshutdown$$00000004)
    __rt_lib_shutdown_user_alloc_1           0x08000187   Thumb Code     0  libshutdown2.o(.ARM.Collect$$libshutdown$$0000000C)
    __rt_entry                               0x08000189   Thumb Code     0  __rtentry.o(.ARM.Collect$$rtentry$$00000000)
    __rt_entry_presh_1                       0x08000189   Thumb Code     0  __rtentry2.o(.ARM.Collect$$rtentry$$00000002)
    __rt_entry_sh                            0x08000189   Thumb Code     0  __rtentry4.o(.ARM.Collect$$rtentry$$00000004)
    __rt_entry_li                            0x0800018f   Thumb Code     0  __rtentry2.o(.ARM.Collect$$rtentry$$0000000A)
    __rt_entry_postsh_1                      0x0800018f   Thumb Code     0  __rtentry2.o(.ARM.Collect$$rtentry$$00000009)
    __rt_entry_main                          0x08000193   Thumb Code     0  __rtentry2.o(.ARM.Collect$$rtentry$$0000000D)
    __rt_entry_postli_1                      0x08000193   Thumb Code     0  __rtentry2.o(.ARM.Collect$$rtentry$$0000000C)
    __rt_exit                                0x0800019b   Thumb Code     0  rtexit.o(.ARM.Collect$$rtexit$$00000000)
    __rt_exit_ls                             0x0800019d   Thumb Code     0  rtexit2.o(.ARM.Collect$$rtexit$$00000003)
    __rt_exit_prels_1                        0x0800019d   Thumb Code     0  rtexit2.o(.ARM.Collect$$rtexit$$00000002)
    __rt_exit_exit                           0x080001a1   Thumb Code     0  rtexit2.o(.ARM.Collect$$rtexit$$00000004)
    Reset_Handler                            0x080001a9   Thumb Code     8  startup_stm32f10x_ld.o(.text)
    NMI_Handler                              0x080001b1   Thumb Code     2  startup_stm32f10x_ld.o(.text)
    HardFault_Handler                        0x080001b3   Thumb Code     2  startup_stm32f10x_ld.o(.text)
    MemManage_Handler                        0x080001b5   Thumb Code     2  startup_stm32f10x_ld.o(.text)
    BusFault_Handler                         0x080001b7   Thumb Code     2  startup_stm32f10x_ld.o(.text)
    UsageFault_Handler                       0x080001b9   Thumb Code     2  startup_stm32f10x_ld.o(.text)
    SVC_Handler                              0x080001bb   Thumb Code     2  startup_stm32f10x_ld.o(.text)
    DebugMon_Handler                         0x080001bd   Thumb Code     2  startup_stm32f10x_ld.o(.text)
    PendSV_Handler                           0x080001bf   Thumb Code     2  startup_stm32f10x_ld.o(.text)
    SysTick_Handler                          0x080001c1   Thumb Code     2  startup_stm32f10x_ld.o(.text)
    ADC1_2_IRQHandler                        0x080001c3   Thumb Code     0  startup_stm32f10x_ld.o(.text)
    CAN1_RX1_IRQHandler                      0x080001c3   Thumb Code     0  startup_stm32f10x_ld.o(.text)
    CAN1_SCE_IRQHandler                      0x080001c3   Thumb Code     0  startup_stm32f10x_ld.o(.text)
    DMA1_Channel1_IRQHandler                 0x080001c3   Thumb Code     0  startup_stm32f10x_ld.o(.text)
    DMA1_Channel2_IRQHandler                 0x080001c3   Thumb Code     0  startup_stm32f10x_ld.o(.text)
    DMA1_Channel3_IRQHandler                 0x080001c3   Thumb Code     0  startup_stm32f10x_ld.o(.text)
    DMA1_Channel4_IRQHandler                 0x080001c3   Thumb Code     0  startup_stm32f10x_ld.o(.text)
    DMA1_Channel5_IRQHandler                 0x080001c3   Thumb Code     0  startup_stm32f10x_ld.o(.text)
    DMA1_Channel6_IRQHandler                 0x080001c3   Thumb Code     0  startup_stm32f10x_ld.o(.text)
    DMA1_Channel7_IRQHandler                 0x080001c3   Thumb Code     0  startup_stm32f10x_ld.o(.text)
    EXTI0_IRQHandler                         0x080001c3   Thumb Code     0  startup_stm32f10x_ld.o(.text)
    EXTI15_10_IRQHandler                     0x080001c3   Thumb Code     0  startup_stm32f10x_ld.o(.text)
    EXTI1_IRQHandler                         0x080001c3   Thumb Code     0  startup_stm32f10x_ld.o(.text)
    EXTI2_IRQHandler                         0x080001c3   Thumb Code     0  startup_stm32f10x_ld.o(.text)
    EXTI3_IRQHandler                         0x080001c3   Thumb Code     0  startup_stm32f10x_ld.o(.text)
    EXTI4_IRQHandler                         0x080001c3   Thumb Code     0  startup_stm32f10x_ld.o(.text)
    EXTI9_5_IRQHandler                       0x080001c3   Thumb Code     0  startup_stm32f10x_ld.o(.text)
    FLASH_IRQHandler                         0x080001c3   Thumb Code     0  startup_stm32f10x_ld.o(.text)
    I2C1_ER_IRQHandler                       0x080001c3   Thumb Code     0  startup_stm32f10x_ld.o(.text)
    I2C1_EV_IRQHandler                       0x080001c3   Thumb Code     0  startup_stm32f10x_ld.o(.text)
    PVD_IRQHandler                           0x080001c3   Thumb Code     0  startup_stm32f10x_ld.o(.text)
    RCC_IRQHandler                           0x080001c3   Thumb Code     0  startup_stm32f10x_ld.o(.text)
    RTCAlarm_IRQHandler                      0x080001c3   Thumb Code     0  startup_stm32f10x_ld.o(.text)
    RTC_IRQHandler                           0x080001c3   Thumb Code     0  startup_stm32f10x_ld.o(.text)
    SPI1_IRQHandler                          0x080001c3   Thumb Code     0  startup_stm32f10x_ld.o(.text)
    TAMPER_IRQHandler                        0x080001c3   Thumb Code     0  startup_stm32f10x_ld.o(.text)
    TIM1_BRK_IRQHandler                      0x080001c3   Thumb Code     0  startup_stm32f10x_ld.o(.text)
    TIM1_CC_IRQHandler                       0x080001c3   Thumb Code     0  startup_stm32f10x_ld.o(.text)
    TIM1_TRG_COM_IRQHandler                  0x080001c3   Thumb Code     0  startup_stm32f10x_ld.o(.text)
    TIM1_UP_IRQHandler                       0x080001c3   Thumb Code     0  startup_stm32f10x_ld.o(.text)
    TIM2_IRQHandler                          0x080001c3   Thumb Code     0  startup_stm32f10x_ld.o(.text)
    TIM3_IRQHandler                          0x080001c3   Thumb Code     0  startup_stm32f10x_ld.o(.text)
    USART2_IRQHandler                        0x080001c3   Thumb Code     0  startup_stm32f10x_ld.o(.text)
    USBWakeUp_IRQHandler                     0x080001c3   Thumb Code     0  startup_stm32f10x_ld.o(.text)
    USB_HP_CAN1_TX_IRQHandler                0x080001c3   Thumb Code     0  startup_stm32f10x_ld.o(.text)
    USB_LP_CAN1_RX0_IRQHandler               0x080001c3   Thumb Code     0  startup_stm32f10x_ld.o(.text)
    WWDG_IRQHandler                          0x080001c3   Thumb Code     0  startup_stm32f10x_ld.o(.text)
    __user_initial_stackheap                 0x080001c5   Thumb Code     0  startup_stm32f10x_ld.o(.text)
    __use_no_semihosting                     0x080001e9   Thumb Code     2  use_no_semi_2.o(.text)
    __2printf                                0x080001ed   Thumb Code    20  noretval__2printf.o(.text)
    __printf                                 0x08000205   Thumb Code   104  __printf.o(.text)
    _printf_int_dec                          0x0800026d   Thumb Code   104  _printf_dec.o(.text)
    __use_two_region_memory                  0x080002e5   Thumb Code     2  heapauxi.o(.text)
    __rt_heap_escrow$2region                 0x080002e7   Thumb Code     2  heapauxi.o(.text)
    __rt_heap_expand$2region                 0x080002e9   Thumb Code     2  heapauxi.o(.text)
    __I$use$semihosting                      0x080002eb   Thumb Code     0  use_no_semi.o(.text)
    __use_no_semihosting_swi                 0x080002eb   Thumb Code     2  use_no_semi.o(.text)
    __read_errno                             0x080002ed   Thumb Code    10  _rserrno.o(.text)
    __set_errno                              0x080002f7   Thumb Code    12  _rserrno.o(.text)
    _printf_int_common                       0x08000303   Thumb Code   178  _printf_intcommon.o(.text)
    __lib_sel_fp_printf                      0x080003b5   Thumb Code     2  _printf_fp_dec.o(.text)
    _printf_fp_dec_real                      0x08000567   Thumb Code   620  _printf_fp_dec.o(.text)
    _printf_char_file                        0x080007d5   Thumb Code    32  _printf_char_file.o(.text)
    __rt_locale                              0x080007f9   Thumb Code     8  rt_locale_intlibspace.o(.text)
    __aeabi_errno_addr                       0x08000801   Thumb Code     8  rt_errno_addr_intlibspace.o(.text)
    __errno$intlibspace                      0x08000801   Thumb Code     0  rt_errno_addr_intlibspace.o(.text)
    __rt_errno_addr$intlibspace              0x08000801   Thumb Code     0  rt_errno_addr_intlibspace.o(.text)
    _ll_udiv10                               0x08000809   Thumb Code   138  lludiv10.o(.text)
    _printf_char_common                      0x0800089f   Thumb Code    32  _printf_char_common.o(.text)
    _printf_fp_infnan                        0x080008c5   Thumb Code   112  _printf_fp_infnan.o(.text)
    _btod_etento                             0x08000945   Thumb Code   224  bigflt0.o(.text)
    ferror                                   0x08000a29   Thumb Code     8  ferror.o(.text)
    __user_libspace                          0x08000a31   Thumb Code     8  libspace.o(.text)
    __user_perproc_libspace                  0x08000a31   Thumb Code     0  libspace.o(.text)
    __user_perthread_libspace                0x08000a31   Thumb Code     0  libspace.o(.text)
    __user_setup_stackheap                   0x08000a39   Thumb Code    74  sys_stackheap_outer.o(.text)
    exit                                     0x08000a83   Thumb Code    18  exit.o(.text)
    strcmp                                   0x08000a95   Thumb Code   128  strcmpv7m.o(.text)
    _btod_d2e                                0x08000b15   Thumb Code    62  btod.o(CL$$btod_d2e)
    _d2e_denorm_low                          0x08000b53   Thumb Code    70  btod.o(CL$$btod_d2e_denorm_low)
    _d2e_norm_op1                            0x08000b99   Thumb Code    96  btod.o(CL$$btod_d2e_norm_op1)
    __btod_div_common                        0x08000bf9   Thumb Code   696  btod.o(CL$$btod_div_common)
    _e2e                                     0x08000f31   Thumb Code   220  btod.o(CL$$btod_e2e)
    _btod_ediv                               0x0800100d   Thumb Code    42  btod.o(CL$$btod_ediv)
    _btod_emul                               0x08001037   Thumb Code    42  btod.o(CL$$btod_emul)
    __btod_mult_common                       0x08001061   Thumb Code   580  btod.o(CL$$btod_mult_common)
    Clamp_or_place                           0x080012a5   Thumb Code    74  main.o(i.Clamp_or_place)
    Coordinate_Transformation                0x080012f5   Thumb Code  1998  main.o(i.Coordinate_Transformation)
    Describing_Circle                        0x08001b0d   Thumb Code   246  main.o(i.Describing_Circle)
    Ease_The_Helm                            0x08001c49   Thumb Code   484  main.o(i.Ease_The_Helm)
    Ease_The_Helm_c                          0x08001e35   Thumb Code   702  main.o(i.Ease_The_Helm_c)
    GPIO_Init                                0x08002115   Thumb Code   278  stm32f10x_gpio.o(i.GPIO_Init)
    GPIO_WriteBit                            0x0800222b   Thumb Code    10  stm32f10x_gpio.o(i.GPIO_WriteBit)
    Motion_execution                         0x08002235   Thumb Code   154  main.o(i.Motion_execution)
    NVIC_Init                                0x080022d1   Thumb Code   100  misc.o(i.NVIC_Init)
    NVIC_PriorityGroupConfig                 0x08002341   Thumb Code    10  misc.o(i.NVIC_PriorityGroupConfig)
    Pwm1_Init                                0x08002355   Thumb Code    28  pwm_app.o(i.Pwm1_Init)
    Pwm4_Init                                0x08002379   Thumb Code    28  pwm_app.o(i.Pwm4_Init)
    Pwm5_Init                                0x0800239d   Thumb Code    28  pwm_app.o(i.Pwm5_Init)
    Pwm7_Init                                0x080023bd   Thumb Code    30  pwm_app.o(i.Pwm7_Init)
    Pwm8_Init                                0x080023e1   Thumb Code    28  pwm_app.o(i.Pwm8_Init)
    RCC_APB1PeriphClockCmd                   0x08002401   Thumb Code    26  stm32f10x_rcc.o(i.RCC_APB1PeriphClockCmd)
    RCC_APB2PeriphClockCmd                   0x08002421   Thumb Code    26  stm32f10x_rcc.o(i.RCC_APB2PeriphClockCmd)
    RCC_GetClocksFreq                        0x08002441   Thumb Code   192  stm32f10x_rcc.o(i.RCC_GetClocksFreq)
    Receiving_Process                        0x08002515   Thumb Code   376  main.o(i.Receiving_Process)
    Servol_Init                              0x080026c1   Thumb Code   108  main.o(i.Servol_Init)
    Set_speed_Allservol                      0x08002821   Thumb Code   606  main.o(i.Set_speed_Allservol)
    Solved_Coordinates                       0x08002a89   Thumb Code  3880  main.o(i.Solved_Coordinates)
    SysTick_CLKSourceConfig                  0x080039e9   Thumb Code    40  misc.o(i.SysTick_CLKSourceConfig)
    SystemInit                               0x08003a11   Thumb Code    78  system_stm32f10x.o(i.SystemInit)
    TIM_ARRPreloadConfig                     0x08003a71   Thumb Code    24  stm32f10x_tim.o(i.TIM_ARRPreloadConfig)
    TIM_Cmd                                  0x08003a89   Thumb Code    24  stm32f10x_tim.o(i.TIM_Cmd)
    TIM_CtrlPWMOutputs                       0x08003aa1   Thumb Code    30  stm32f10x_tim.o(i.TIM_CtrlPWMOutputs)
    TIM_OC1Init                              0x08003ac1   Thumb Code   132  stm32f10x_tim.o(i.TIM_OC1Init)
    TIM_OC1PreloadConfig                     0x08003b59   Thumb Code    18  stm32f10x_tim.o(i.TIM_OC1PreloadConfig)
    TIM_OC2Init                              0x08003b6d   Thumb Code   154  stm32f10x_tim.o(i.TIM_OC2Init)
    TIM_OC2PreloadConfig                     0x08003c11   Thumb Code    26  stm32f10x_tim.o(i.TIM_OC2PreloadConfig)
    TIM_OC3Init                              0x08003c2d   Thumb Code   150  stm32f10x_tim.o(i.TIM_OC3Init)
    TIM_OC3PreloadConfig                     0x08003ccd   Thumb Code    18  stm32f10x_tim.o(i.TIM_OC3PreloadConfig)
    TIM_OC4Init                              0x08003ce1   Thumb Code   114  stm32f10x_tim.o(i.TIM_OC4Init)
    TIM_OC4PreloadConfig                     0x08003d5d   Thumb Code    26  stm32f10x_tim.o(i.TIM_OC4PreloadConfig)
    TIM_OCStructInit                         0x08003d77   Thumb Code    20  stm32f10x_tim.o(i.TIM_OCStructInit)
    TIM_SetCompare1                          0x08003d8b   Thumb Code     4  stm32f10x_tim.o(i.TIM_SetCompare1)
    TIM_SetCompare3                          0x08003d8f   Thumb Code     4  stm32f10x_tim.o(i.TIM_SetCompare3)
    TIM_SetCompare4                          0x08003d93   Thumb Code     6  stm32f10x_tim.o(i.TIM_SetCompare4)
    TIM_TimeBaseInit                         0x08003d99   Thumb Code   122  stm32f10x_tim.o(i.TIM_TimeBaseInit)
    USART1_IRQHandler                        0x08003e3d   Thumb Code   122  bsp_usart.o(i.USART1_IRQHandler)
    USART_Cmd                                0x08003ec5   Thumb Code    24  stm32f10x_usart.o(i.USART_Cmd)
    USART_GetITStatus                        0x08003edd   Thumb Code    84  stm32f10x_usart.o(i.USART_GetITStatus)
    USART_ITConfig                           0x08003f31   Thumb Code    74  stm32f10x_usart.o(i.USART_ITConfig)
    USART_Init                               0x08003f7d   Thumb Code   210  stm32f10x_usart.o(i.USART_Init)
    USART_ReceiveData                        0x08004055   Thumb Code    10  stm32f10x_usart.o(i.USART_ReceiveData)
    __ARM_fpclassify                         0x0800405f   Thumb Code    40  fpclassify.o(i.__ARM_fpclassify)
    __ieee754_rem_pio2                       0x08004089   Thumb Code   828  rred.o(i.__ieee754_rem_pio2)
    __kernel_cos                             0x08004411   Thumb Code   230  cos_i.o(i.__kernel_cos)
    __kernel_poly                            0x0800450d   Thumb Code   170  poly.o(i.__kernel_poly)
    __kernel_sin                             0x080045b9   Thumb Code   224  sin_i.o(i.__kernel_sin)
    __mathlib_dbl_divzero                    0x080046a5   Thumb Code    12  dunder.o(i.__mathlib_dbl_divzero)
    __mathlib_dbl_infnan                     0x080046b5   Thumb Code     6  dunder.o(i.__mathlib_dbl_infnan)
    __mathlib_dbl_infnan2                    0x080046bb   Thumb Code     4  dunder.o(i.__mathlib_dbl_infnan2)
    __mathlib_dbl_invalid                    0x080046bf   Thumb Code    12  dunder.o(i.__mathlib_dbl_invalid)
    __mathlib_dbl_overflow                   0x080046cb   Thumb Code    14  dunder.o(i.__mathlib_dbl_overflow)
    __mathlib_dbl_underflow                  0x080046d9   Thumb Code    10  dunder.o(i.__mathlib_dbl_underflow)
    _sys_exit                                0x080046e9   Thumb Code     4  bsp_usart.o(i._sys_exit)
    acos                                     0x080046ed   Thumb Code   574  acos.o(i.acos)
    asin                                     0x08004969   Thumb Code   572  asin.o(i.asin)
    atan                                     0x08004bd9   Thumb Code   474  atan.o(i.atan)
    atan2                                    0x08004df9   Thumb Code   346  atan2.o(i.atan2)
    bsp_ConfigGpioOut                        0x08004f79   Thumb Code    46  pwm.o(i.bsp_ConfigGpioOut)
    bsp_ConfigTimGpio                        0x08004fa9   Thumb Code    90  pwm.o(i.bsp_ConfigTimGpio)
    bsp_GetRCCofGPIO                         0x08005009   Thumb Code    74  pwm.o(i.bsp_GetRCCofGPIO)
    bsp_GetRCCofTIM                          0x08005071   Thumb Code    44  pwm.o(i.bsp_GetRCCofTIM)
    bsp_SetTIMOutPWM                         0x080050a9   Thumb Code   306  pwm.o(i.bsp_SetTIMOutPWM)
    bsp_init                                 0x080051e5   Thumb Code    34  bsp.o(i.bsp_init)
    cos                                      0x08005219   Thumb Code   148  cos.o(i.cos)
    delay_init                               0x080052b5   Thumb Code    50  bsp_delay.o(i.delay_init)
    delay_ms                                 0x080052f9   Thumb Code    72  bsp_delay.o(i.delay_ms)
    fputc                                    0x08005345   Thumb Code    24  bsp_usart.o(i.fputc)
    main                                     0x08005361   Thumb Code    16  main.o(i.main)
    pow                                      0x08005371   Thumb Code  2512  pow.o(i.pow)
    sin                                      0x08005d49   Thumb Code   150  sin.o(i.sin)
    sqrt                                     0x08005de9   Thumb Code    76  sqrt.o(i.sqrt)
    timer2_pwm_init                          0x08005e35   Thumb Code    24  pwm_app.o(i.timer2_pwm_init)
    uart_init                                0x08005e4d   Thumb Code   154  bsp_usart.o(i.uart_init)
    _get_lc_numeric                          0x08005ef1   Thumb Code    44  lc_numeric_c.o(locale$$code)
    __aeabi_d2f                              0x08005f1d   Thumb Code     0  d2f.o(x$fpl$d2f)
    _d2f                                     0x08005f1d   Thumb Code    98  d2f.o(x$fpl$d2f)
    __aeabi_dadd                             0x08005f81   Thumb Code     0  daddsub_clz.o(x$fpl$dadd)
    _dadd                                    0x08005f81   Thumb Code   332  daddsub_clz.o(x$fpl$dadd)
    __fpl_dcheck_NaN1                        0x080060d1   Thumb Code    10  dcheck1.o(x$fpl$dcheck1)
    __fpl_dcmp_Inf                           0x080060e1   Thumb Code    24  dcmpi.o(x$fpl$dcmpinf)
    __aeabi_ddiv                             0x080060f9   Thumb Code     0  ddiv.o(x$fpl$ddiv)
    _ddiv                                    0x080060f9   Thumb Code   552  ddiv.o(x$fpl$ddiv)
    __aeabi_d2iz                             0x080063a9   Thumb Code     0  dfix.o(x$fpl$dfix)
    _dfix                                    0x080063a9   Thumb Code    94  dfix.o(x$fpl$dfix)
    __aeabi_d2uiz                            0x08006409   Thumb Code     0  dfixu.o(x$fpl$dfixu)
    _dfixu                                   0x08006409   Thumb Code    90  dfixu.o(x$fpl$dfixu)
    __aeabi_i2d                              0x08006463   Thumb Code     0  dflt_clz.o(x$fpl$dflt)
    _dflt                                    0x08006463   Thumb Code    46  dflt_clz.o(x$fpl$dflt)
    __aeabi_ui2d                             0x08006491   Thumb Code     0  dflt_clz.o(x$fpl$dfltu)
    _dfltu                                   0x08006491   Thumb Code    38  dflt_clz.o(x$fpl$dfltu)
    __aeabi_cdcmple                          0x080064b9   Thumb Code     0  dleqf.o(x$fpl$dleqf)
    _dcmple                                  0x080064b9   Thumb Code   120  dleqf.o(x$fpl$dleqf)
    __fpl_dcmple_InfNaN                      0x0800651b   Thumb Code     0  dleqf.o(x$fpl$dleqf)
    __aeabi_dmul                             0x08006531   Thumb Code     0  dmul.o(x$fpl$dmul)
    _dmul                                    0x08006531   Thumb Code   332  dmul.o(x$fpl$dmul)
    __fpl_dnaninf                            0x08006685   Thumb Code   156  dnaninf.o(x$fpl$dnaninf)
    __fpl_dretinf                            0x08006721   Thumb Code    12  dretinf.o(x$fpl$dretinf)
    __aeabi_cdrcmple                         0x0800672d   Thumb Code     0  drleqf.o(x$fpl$drleqf)
    _drcmple                                 0x0800672d   Thumb Code   108  drleqf.o(x$fpl$drleqf)
    __aeabi_drsub                            0x08006799   Thumb Code     0  daddsub_clz.o(x$fpl$drsb)
    _drsb                                    0x08006799   Thumb Code    22  daddsub_clz.o(x$fpl$drsb)
    _dsqrt                                   0x080067b1   Thumb Code   456  dsqrt_noumaal.o(x$fpl$dsqrt)
    __aeabi_dsub                             0x0800697d   Thumb Code     0  daddsub_clz.o(x$fpl$dsub)
    _dsub                                    0x0800697d   Thumb Code   464  daddsub_clz.o(x$fpl$dsub)
    __aeabi_f2d                              0x08006b51   Thumb Code     0  f2d.o(x$fpl$f2d)
    _f2d                                     0x08006b51   Thumb Code    86  f2d.o(x$fpl$f2d)
    __aeabi_fadd                             0x08006ba9   Thumb Code     0  faddsub_clz.o(x$fpl$fadd)
    _fadd                                    0x08006ba9   Thumb Code   196  faddsub_clz.o(x$fpl$fadd)
    __fpl_fcmp_Inf                           0x08006c6d   Thumb Code    24  fcmpi.o(x$fpl$fcmpinf)
    __aeabi_fdiv                             0x08006c85   Thumb Code     0  fdiv.o(x$fpl$fdiv)
    _fdiv                                    0x08006c85   Thumb Code   384  fdiv.o(x$fpl$fdiv)
    __aeabi_i2f                              0x08006e09   Thumb Code     0  fflt_clz.o(x$fpl$fflt)
    _fflt                                    0x08006e09   Thumb Code    48  fflt_clz.o(x$fpl$fflt)
    __aeabi_ui2f                             0x08006e39   Thumb Code     0  fflt_clz.o(x$fpl$ffltu)
    _ffltu                                   0x08006e39   Thumb Code    38  fflt_clz.o(x$fpl$ffltu)
    __aeabi_cfcmple                          0x08006e61   Thumb Code     0  fleqf.o(x$fpl$fleqf)
    _fcmple                                  0x08006e61   Thumb Code   104  fleqf.o(x$fpl$fleqf)
    __fpl_fcmple_InfNaN                      0x08006eb3   Thumb Code     0  fleqf.o(x$fpl$fleqf)
    __aeabi_fmul                             0x08006ec9   Thumb Code     0  fmul.o(x$fpl$fmul)
    _fmul                                    0x08006ec9   Thumb Code   258  fmul.o(x$fpl$fmul)
    __fpl_fnaninf                            0x08006fcb   Thumb Code   140  fnaninf.o(x$fpl$fnaninf)
    __fpl_fretinf                            0x08007057   Thumb Code    10  fretinf.o(x$fpl$fretinf)
    __aeabi_cfrcmple                         0x08007061   Thumb Code     0  frleqf.o(x$fpl$frleqf)
    _frcmple                                 0x08007061   Thumb Code    98  frleqf.o(x$fpl$frleqf)
    __aeabi_fsub                             0x080070c5   Thumb Code     0  faddsub_clz.o(x$fpl$fsub)
    _fsub                                    0x080070c5   Thumb Code   234  faddsub_clz.o(x$fpl$fsub)
    _printf_fp_dec                           0x080071af   Thumb Code     4  printf1.o(x$fpl$printf1)
    __fpl_return_NaN                         0x080071b3   Thumb Code   100  retnan.o(x$fpl$retnan)
    __ARM_scalbn                             0x08007217   Thumb Code    92  scalbn.o(x$fpl$scalbn)
    __fpl_cmpreturn                          0x08007273   Thumb Code    48  trapv.o(x$fpl$trapveneer)
    __I$use$fp                               0x080072a2   Number         0  usenofp.o(x$fpl$usenofp)
    __mathlib_zero                           0x08007498   Data           8  qnan.o(.constdata)
    Region$$Table$$Base                      0x08007624   Number         0  anon$$obj.o(Region$$Table)
    Region$$Table$$Limit                     0x08007644   Number         0  anon$$obj.o(Region$$Table)
    servol                                   0x20000000   Data           6  main.o(.data)
    __stdout                                 0x20000008   Data           4  bsp_usart.o(.data)
    USART_RX_STA                             0x2000000c   Data           2  bsp_usart.o(.data)
    SystemCoreClock                          0x20000028   Data           4  system_stm32f10x.o(.data)
    AHBPrescTable                            0x2000002c   Data          16  system_stm32f10x.o(.data)
    motion                                   0x2000003c   Data          20  main.o(.bss)
    USART_RX_BUF                             0x20000050   Data         200  bsp_usart.o(.bss)
    __libspace_start                         0x20000118   Data          96  libspace.o(.bss)
    __temporary_stack_top$libspace           0x20000178   Data           0  libspace.o(.bss)



==============================================================================

Memory Map of the image

  Image Entry point : 0x080000ed

  Load Region LR_IROM1 (Base: 0x08000000, Size: 0x0000769c, Max: 0x00008000, ABSOLUTE)

    Execution Region ER_IROM1 (Exec base: 0x08000000, Load base: 0x08000000, Size: 0x00007660, Max: 0x00008000, ABSOLUTE)

    Exec Addr    Load Addr    Size         Type   Attr      Idx    E Section Name        Object

    0x08000000   0x08000000   0x000000ec   Data   RO          567    RESET               startup_stm32f10x_ld.o
    0x080000ec   0x080000ec   0x00000008   Code   RO         2211  * !!!main             c_w.l(__main.o)
    0x080000f4   0x080000f4   0x00000034   Code   RO         2615    !!!scatter          c_w.l(__scatter.o)
    0x08000128   0x08000128   0x0000001a   Code   RO         2617    !!handler_copy      c_w.l(__scatter_copy.o)
    0x08000142   0x08000142   0x00000002   PAD
    0x08000144   0x08000144   0x0000001c   Code   RO         2619    !!handler_zi        c_w.l(__scatter_zi.o)
    0x08000160   0x08000160   0x00000000   Code   RO         2208    .ARM.Collect$$_printf_percent$$00000000  c_w.l(_printf_percent.o)
    0x08000160   0x08000160   0x00000006   Code   RO         2207    .ARM.Collect$$_printf_percent$$00000003  c_w.l(_printf_f.o)
    0x08000166   0x08000166   0x00000006   Code   RO         2206    .ARM.Collect$$_printf_percent$$00000009  c_w.l(_printf_d.o)
    0x0800016c   0x0800016c   0x00000004   Code   RO         2354    .ARM.Collect$$_printf_percent$$00000017  c_w.l(_printf_percent_end.o)
    0x08000170   0x08000170   0x00000002   Code   RO         2488    .ARM.Collect$$libinit$$00000000  c_w.l(libinit.o)
    0x08000172   0x08000172   0x00000000   Code   RO         2490    .ARM.Collect$$libinit$$00000002  c_w.l(libinit2.o)
    0x08000172   0x08000172   0x00000000   Code   RO         2492    .ARM.Collect$$libinit$$00000004  c_w.l(libinit2.o)
    0x08000172   0x08000172   0x00000000   Code   RO         2495    .ARM.Collect$$libinit$$0000000A  c_w.l(libinit2.o)
    0x08000172   0x08000172   0x00000000   Code   RO         2497    .ARM.Collect$$libinit$$0000000C  c_w.l(libinit2.o)
    0x08000172   0x08000172   0x00000000   Code   RO         2499    .ARM.Collect$$libinit$$0000000E  c_w.l(libinit2.o)
    0x08000172   0x08000172   0x00000006   Code   RO         2500    .ARM.Collect$$libinit$$0000000F  c_w.l(libinit2.o)
    0x08000178   0x08000178   0x00000000   Code   RO         2502    .ARM.Collect$$libinit$$00000011  c_w.l(libinit2.o)
    0x08000178   0x08000178   0x00000000   Code   RO         2504    .ARM.Collect$$libinit$$00000013  c_w.l(libinit2.o)
    0x08000178   0x08000178   0x00000000   Code   RO         2506    .ARM.Collect$$libinit$$00000015  c_w.l(libinit2.o)
    0x08000178   0x08000178   0x0000000a   Code   RO         2507    .ARM.Collect$$libinit$$00000016  c_w.l(libinit2.o)
    0x08000182   0x08000182   0x00000000   Code   RO         2508    .ARM.Collect$$libinit$$00000017  c_w.l(libinit2.o)
    0x08000182   0x08000182   0x00000000   Code   RO         2510    .ARM.Collect$$libinit$$00000019  c_w.l(libinit2.o)
    0x08000182   0x08000182   0x00000000   Code   RO         2512    .ARM.Collect$$libinit$$0000001B  c_w.l(libinit2.o)
    0x08000182   0x08000182   0x00000000   Code   RO         2514    .ARM.Collect$$libinit$$0000001D  c_w.l(libinit2.o)
    0x08000182   0x08000182   0x00000000   Code   RO         2516    .ARM.Collect$$libinit$$0000001F  c_w.l(libinit2.o)
    0x08000182   0x08000182   0x00000000   Code   RO         2518    .ARM.Collect$$libinit$$00000021  c_w.l(libinit2.o)
    0x08000182   0x08000182   0x00000000   Code   RO         2520    .ARM.Collect$$libinit$$00000023  c_w.l(libinit2.o)
    0x08000182   0x08000182   0x00000000   Code   RO         2522    .ARM.Collect$$libinit$$00000025  c_w.l(libinit2.o)
    0x08000182   0x08000182   0x00000000   Code   RO         2526    .ARM.Collect$$libinit$$0000002C  c_w.l(libinit2.o)
    0x08000182   0x08000182   0x00000000   Code   RO         2528    .ARM.Collect$$libinit$$0000002E  c_w.l(libinit2.o)
    0x08000182   0x08000182   0x00000000   Code   RO         2530    .ARM.Collect$$libinit$$00000030  c_w.l(libinit2.o)
    0x08000182   0x08000182   0x00000000   Code   RO         2532    .ARM.Collect$$libinit$$00000032  c_w.l(libinit2.o)
    0x08000182   0x08000182   0x00000002   Code   RO         2533    .ARM.Collect$$libinit$$00000033  c_w.l(libinit2.o)
    0x08000184   0x08000184   0x00000002   Code   RO         2565    .ARM.Collect$$libshutdown$$00000000  c_w.l(libshutdown.o)
    0x08000186   0x08000186   0x00000000   Code   RO         2574    .ARM.Collect$$libshutdown$$00000002  c_w.l(libshutdown2.o)
    0x08000186   0x08000186   0x00000000   Code   RO         2576    .ARM.Collect$$libshutdown$$00000004  c_w.l(libshutdown2.o)
    0x08000186   0x08000186   0x00000000   Code   RO         2579    .ARM.Collect$$libshutdown$$00000007  c_w.l(libshutdown2.o)
    0x08000186   0x08000186   0x00000000   Code   RO         2582    .ARM.Collect$$libshutdown$$0000000A  c_w.l(libshutdown2.o)
    0x08000186   0x08000186   0x00000000   Code   RO         2584    .ARM.Collect$$libshutdown$$0000000C  c_w.l(libshutdown2.o)
    0x08000186   0x08000186   0x00000000   Code   RO         2587    .ARM.Collect$$libshutdown$$0000000F  c_w.l(libshutdown2.o)
    0x08000186   0x08000186   0x00000002   Code   RO         2588    .ARM.Collect$$libshutdown$$00000010  c_w.l(libshutdown2.o)
    0x08000188   0x08000188   0x00000000   Code   RO         2345    .ARM.Collect$$rtentry$$00000000  c_w.l(__rtentry.o)
    0x08000188   0x08000188   0x00000000   Code   RO         2406    .ARM.Collect$$rtentry$$00000002  c_w.l(__rtentry2.o)
    0x08000188   0x08000188   0x00000006   Code   RO         2418    .ARM.Collect$$rtentry$$00000004  c_w.l(__rtentry4.o)
    0x0800018e   0x0800018e   0x00000000   Code   RO         2408    .ARM.Collect$$rtentry$$00000009  c_w.l(__rtentry2.o)
    0x0800018e   0x0800018e   0x00000004   Code   RO         2409    .ARM.Collect$$rtentry$$0000000A  c_w.l(__rtentry2.o)
    0x08000192   0x08000192   0x00000000   Code   RO         2411    .ARM.Collect$$rtentry$$0000000C  c_w.l(__rtentry2.o)
    0x08000192   0x08000192   0x00000008   Code   RO         2412    .ARM.Collect$$rtentry$$0000000D  c_w.l(__rtentry2.o)
    0x0800019a   0x0800019a   0x00000002   Code   RO         2536    .ARM.Collect$$rtexit$$00000000  c_w.l(rtexit.o)
    0x0800019c   0x0800019c   0x00000000   Code   RO         2545    .ARM.Collect$$rtexit$$00000002  c_w.l(rtexit2.o)
    0x0800019c   0x0800019c   0x00000004   Code   RO         2546    .ARM.Collect$$rtexit$$00000003  c_w.l(rtexit2.o)
    0x080001a0   0x080001a0   0x00000006   Code   RO         2547    .ARM.Collect$$rtexit$$00000004  c_w.l(rtexit2.o)
    0x080001a6   0x080001a6   0x00000002   PAD
    0x080001a8   0x080001a8   0x00000040   Code   RO          568    .text               startup_stm32f10x_ld.o
    0x080001e8   0x080001e8   0x00000002   Code   RO         2176    .text               c_w.l(use_no_semi_2.o)
    0x080001ea   0x080001ea   0x00000002   PAD
    0x080001ec   0x080001ec   0x00000018   Code   RO         2180    .text               c_w.l(noretval__2printf.o)
    0x08000204   0x08000204   0x00000068   Code   RO         2182    .text               c_w.l(__printf.o)
    0x0800026c   0x0800026c   0x00000078   Code   RO         2184    .text               c_w.l(_printf_dec.o)
    0x080002e4   0x080002e4   0x00000006   Code   RO         2209    .text               c_w.l(heapauxi.o)
    0x080002ea   0x080002ea   0x00000002   Code   RO         2343    .text               c_w.l(use_no_semi.o)
    0x080002ec   0x080002ec   0x00000016   Code   RO         2346    .text               c_w.l(_rserrno.o)
    0x08000302   0x08000302   0x000000b2   Code   RO         2348    .text               c_w.l(_printf_intcommon.o)
    0x080003b4   0x080003b4   0x0000041e   Code   RO         2350    .text               c_w.l(_printf_fp_dec.o)
    0x080007d2   0x080007d2   0x00000002   PAD
    0x080007d4   0x080007d4   0x00000024   Code   RO         2352    .text               c_w.l(_printf_char_file.o)
    0x080007f8   0x080007f8   0x00000008   Code   RO         2423    .text               c_w.l(rt_locale_intlibspace.o)
    0x08000800   0x08000800   0x00000008   Code   RO         2428    .text               c_w.l(rt_errno_addr_intlibspace.o)
    0x08000808   0x08000808   0x0000008a   Code   RO         2430    .text               c_w.l(lludiv10.o)
    0x08000892   0x08000892   0x00000002   PAD
    0x08000894   0x08000894   0x00000030   Code   RO         2432    .text               c_w.l(_printf_char_common.o)
    0x080008c4   0x080008c4   0x00000080   Code   RO         2434    .text               c_w.l(_printf_fp_infnan.o)
    0x08000944   0x08000944   0x000000e4   Code   RO         2436    .text               c_w.l(bigflt0.o)
    0x08000a28   0x08000a28   0x00000008   Code   RO         2461    .text               c_w.l(ferror.o)
    0x08000a30   0x08000a30   0x00000008   Code   RO         2472    .text               c_w.l(libspace.o)
    0x08000a38   0x08000a38   0x0000004a   Code   RO         2475    .text               c_w.l(sys_stackheap_outer.o)
    0x08000a82   0x08000a82   0x00000012   Code   RO         2479    .text               c_w.l(exit.o)
    0x08000a94   0x08000a94   0x00000080   Code   RO         2481    .text               c_w.l(strcmpv7m.o)
    0x08000b14   0x08000b14   0x0000003e   Code   RO         2439    CL$$btod_d2e        c_w.l(btod.o)
    0x08000b52   0x08000b52   0x00000046   Code   RO         2441    CL$$btod_d2e_denorm_low  c_w.l(btod.o)
    0x08000b98   0x08000b98   0x00000060   Code   RO         2440    CL$$btod_d2e_norm_op1  c_w.l(btod.o)
    0x08000bf8   0x08000bf8   0x00000338   Code   RO         2449    CL$$btod_div_common  c_w.l(btod.o)
    0x08000f30   0x08000f30   0x000000dc   Code   RO         2446    CL$$btod_e2e        c_w.l(btod.o)
    0x0800100c   0x0800100c   0x0000002a   Code   RO         2443    CL$$btod_ediv       c_w.l(btod.o)
    0x08001036   0x08001036   0x0000002a   Code   RO         2442    CL$$btod_emul       c_w.l(btod.o)
    0x08001060   0x08001060   0x00000244   Code   RO         2448    CL$$btod_mult_common  c_w.l(btod.o)
    0x080012a4   0x080012a4   0x00000050   Code   RO            3    i.Clamp_or_place    main.o
    0x080012f4   0x080012f4   0x00000818   Code   RO            4    i.Coordinate_Transformation  main.o
    0x08001b0c   0x08001b0c   0x0000013c   Code   RO            5    i.Describing_Circle  main.o
    0x08001c48   0x08001c48   0x000001ec   Code   RO            6    i.Ease_The_Helm     main.o
    0x08001e34   0x08001e34   0x000002e0   Code   RO            7    i.Ease_The_Helm_c   main.o
    0x08002114   0x08002114   0x00000116   Code   RO         1180    i.GPIO_Init         stm32f10x_gpio.o
    0x0800222a   0x0800222a   0x0000000a   Code   RO         1191    i.GPIO_WriteBit     stm32f10x_gpio.o
    0x08002234   0x08002234   0x0000009a   Code   RO            8    i.Motion_execution  main.o
    0x080022ce   0x080022ce   0x00000002   PAD
    0x080022d0   0x080022d0   0x00000070   Code   RO          574    i.NVIC_Init         misc.o
    0x08002340   0x08002340   0x00000014   Code   RO          575    i.NVIC_PriorityGroupConfig  misc.o
    0x08002354   0x08002354   0x00000024   Code   RO          485    i.Pwm1_Init         pwm_app.o
    0x08002378   0x08002378   0x00000024   Code   RO          486    i.Pwm4_Init         pwm_app.o
    0x0800239c   0x0800239c   0x00000020   Code   RO          487    i.Pwm5_Init         pwm_app.o
    0x080023bc   0x080023bc   0x00000024   Code   RO          488    i.Pwm7_Init         pwm_app.o
    0x080023e0   0x080023e0   0x00000020   Code   RO          489    i.Pwm8_Init         pwm_app.o
    0x08002400   0x08002400   0x00000020   Code   RO         1698    i.RCC_APB1PeriphClockCmd  stm32f10x_rcc.o
    0x08002420   0x08002420   0x00000020   Code   RO         1700    i.RCC_APB2PeriphClockCmd  stm32f10x_rcc.o
    0x08002440   0x08002440   0x000000d4   Code   RO         1708    i.RCC_GetClocksFreq  stm32f10x_rcc.o
    0x08002514   0x08002514   0x000001ac   Code   RO            9    i.Receiving_Process  main.o
    0x080026c0   0x080026c0   0x00000078   Code   RO           10    i.Servol_Init       main.o
    0x08002738   0x08002738   0x00000008   Code   RO         2134    i.SetSysClock       system_stm32f10x.o
    0x08002740   0x08002740   0x000000e0   Code   RO         2135    i.SetSysClockTo72   system_stm32f10x.o
    0x08002820   0x08002820   0x00000268   Code   RO           11    i.Set_speed_Allservol  main.o
    0x08002a88   0x08002a88   0x00000f60   Code   RO           12    i.Solved_Coordinates  main.o
    0x080039e8   0x080039e8   0x00000028   Code   RO          578    i.SysTick_CLKSourceConfig  misc.o
    0x08003a10   0x08003a10   0x00000060   Code   RO         2137    i.SystemInit        system_stm32f10x.o
    0x08003a70   0x08003a70   0x00000018   Code   RO          622    i.TIM_ARRPreloadConfig  stm32f10x_tim.o
    0x08003a88   0x08003a88   0x00000018   Code   RO          634    i.TIM_Cmd           stm32f10x_tim.o
    0x08003aa0   0x08003aa0   0x0000001e   Code   RO          636    i.TIM_CtrlPWMOutputs  stm32f10x_tim.o
    0x08003abe   0x08003abe   0x00000002   PAD
    0x08003ac0   0x08003ac0   0x00000098   Code   RO          663    i.TIM_OC1Init       stm32f10x_tim.o
    0x08003b58   0x08003b58   0x00000012   Code   RO          666    i.TIM_OC1PreloadConfig  stm32f10x_tim.o
    0x08003b6a   0x08003b6a   0x00000002   PAD
    0x08003b6c   0x08003b6c   0x000000a4   Code   RO          668    i.TIM_OC2Init       stm32f10x_tim.o
    0x08003c10   0x08003c10   0x0000001a   Code   RO          671    i.TIM_OC2PreloadConfig  stm32f10x_tim.o
    0x08003c2a   0x08003c2a   0x00000002   PAD
    0x08003c2c   0x08003c2c   0x000000a0   Code   RO          673    i.TIM_OC3Init       stm32f10x_tim.o
    0x08003ccc   0x08003ccc   0x00000012   Code   RO          676    i.TIM_OC3PreloadConfig  stm32f10x_tim.o
    0x08003cde   0x08003cde   0x00000002   PAD
    0x08003ce0   0x08003ce0   0x0000007c   Code   RO          678    i.TIM_OC4Init       stm32f10x_tim.o
    0x08003d5c   0x08003d5c   0x0000001a   Code   RO          680    i.TIM_OC4PreloadConfig  stm32f10x_tim.o
    0x08003d76   0x08003d76   0x00000014   Code   RO          681    i.TIM_OCStructInit  stm32f10x_tim.o
    0x08003d8a   0x08003d8a   0x00000004   Code   RO          695    i.TIM_SetCompare1   stm32f10x_tim.o
    0x08003d8e   0x08003d8e   0x00000004   Code   RO          697    i.TIM_SetCompare3   stm32f10x_tim.o
    0x08003d92   0x08003d92   0x00000006   Code   RO          698    i.TIM_SetCompare4   stm32f10x_tim.o
    0x08003d98   0x08003d98   0x000000a4   Code   RO          705    i.TIM_TimeBaseInit  stm32f10x_tim.o
    0x08003e3c   0x08003e3c   0x00000088   Code   RO          346    i.USART1_IRQHandler  bsp_usart.o
    0x08003ec4   0x08003ec4   0x00000018   Code   RO         1512    i.USART_Cmd         stm32f10x_usart.o
    0x08003edc   0x08003edc   0x00000054   Code   RO         1516    i.USART_GetITStatus  stm32f10x_usart.o
    0x08003f30   0x08003f30   0x0000004a   Code   RO         1518    i.USART_ITConfig    stm32f10x_usart.o
    0x08003f7a   0x08003f7a   0x00000002   PAD
    0x08003f7c   0x08003f7c   0x000000d8   Code   RO         1519    i.USART_Init        stm32f10x_usart.o
    0x08004054   0x08004054   0x0000000a   Code   RO         1526    i.USART_ReceiveData  stm32f10x_usart.o
    0x0800405e   0x0800405e   0x00000028   Code   RO         2389    i.__ARM_fpclassify  m_ws.l(fpclassify.o)
    0x08004086   0x08004086   0x00000002   PAD
    0x08004088   0x08004088   0x00000388   Code   RO         2394    i.__ieee754_rem_pio2  m_ws.l(rred.o)
    0x08004410   0x08004410   0x000000fc   Code   RO         2372    i.__kernel_cos      m_ws.l(cos_i.o)
    0x0800450c   0x0800450c   0x000000aa   Code   RO         2391    i.__kernel_poly     m_ws.l(poly.o)
    0x080045b6   0x080045b6   0x00000002   PAD
    0x080045b8   0x080045b8   0x000000ec   Code   RO         2399    i.__kernel_sin      m_ws.l(sin_i.o)
    0x080046a4   0x080046a4   0x00000010   Code   RO         2375    i.__mathlib_dbl_divzero  m_ws.l(dunder.o)
    0x080046b4   0x080046b4   0x00000006   Code   RO         2376    i.__mathlib_dbl_infnan  m_ws.l(dunder.o)
    0x080046ba   0x080046ba   0x00000004   Code   RO         2377    i.__mathlib_dbl_infnan2  m_ws.l(dunder.o)
    0x080046be   0x080046be   0x0000000c   Code   RO         2378    i.__mathlib_dbl_invalid  m_ws.l(dunder.o)
    0x080046ca   0x080046ca   0x0000000e   Code   RO         2379    i.__mathlib_dbl_overflow  m_ws.l(dunder.o)
    0x080046d8   0x080046d8   0x00000010   Code   RO         2381    i.__mathlib_dbl_underflow  m_ws.l(dunder.o)
    0x080046e8   0x080046e8   0x00000004   Code   RO          347    i._sys_exit         bsp_usart.o
    0x080046ec   0x080046ec   0x0000027c   Code   RO         2272    i.acos              m_ws.l(acos.o)
    0x08004968   0x08004968   0x00000270   Code   RO         2282    i.asin              m_ws.l(asin.o)
    0x08004bd8   0x08004bd8   0x00000220   Code   RO         2292    i.atan              m_ws.l(atan.o)
    0x08004df8   0x08004df8   0x00000180   Code   RO         2302    i.atan2             m_ws.l(atan2.o)
    0x08004f78   0x08004f78   0x0000002e   Code   RO          429    i.bsp_ConfigGpioOut  pwm.o
    0x08004fa6   0x08004fa6   0x00000002   PAD
    0x08004fa8   0x08004fa8   0x00000060   Code   RO          430    i.bsp_ConfigTimGpio  pwm.o
    0x08005008   0x08005008   0x00000068   Code   RO          431    i.bsp_GetRCCofGPIO  pwm.o
    0x08005070   0x08005070   0x00000038   Code   RO          432    i.bsp_GetRCCofTIM   pwm.o
    0x080050a8   0x080050a8   0x0000013c   Code   RO          433    i.bsp_SetTIMOutPWM  pwm.o
    0x080051e4   0x080051e4   0x00000034   Code   RO          218    i.bsp_init          bsp.o
    0x08005218   0x08005218   0x0000009c   Code   RO         2310    i.cos               m_ws.l(cos.o)
    0x080052b4   0x080052b4   0x00000044   Code   RO          395    i.delay_init        bsp_delay.o
    0x080052f8   0x080052f8   0x0000004c   Code   RO          396    i.delay_ms          bsp_delay.o
    0x08005344   0x08005344   0x0000001c   Code   RO          348    i.fputc             bsp_usart.o
    0x08005360   0x08005360   0x00000010   Code   RO           13    i.main              main.o
    0x08005370   0x08005370   0x000009d8   Code   RO         2318    i.pow               m_ws.l(pow.o)
    0x08005d48   0x08005d48   0x000000a0   Code   RO         2328    i.sin               m_ws.l(sin.o)
    0x08005de8   0x08005de8   0x0000004c   Code   RO         2336    i.sqrt              m_ws.l(sqrt.o)
    0x08005e34   0x08005e34   0x00000018   Code   RO          490    i.timer2_pwm_init   pwm_app.o
    0x08005e4c   0x08005e4c   0x000000a4   Code   RO          349    i.uart_init         bsp_usart.o
    0x08005ef0   0x08005ef0   0x0000002c   Code   RO         2466    locale$$code        c_w.l(lc_numeric_c.o)
    0x08005f1c   0x08005f1c   0x00000062   Code   RO         2213    x$fpl$d2f           fz_ws.l(d2f.o)
    0x08005f7e   0x08005f7e   0x00000002   PAD
    0x08005f80   0x08005f80   0x00000150   Code   RO         2215    x$fpl$dadd          fz_ws.l(daddsub_clz.o)
    0x080060d0   0x080060d0   0x00000010   Code   RO         2468    x$fpl$dcheck1       fz_ws.l(dcheck1.o)
    0x080060e0   0x080060e0   0x00000018   Code   RO         2355    x$fpl$dcmpinf       fz_ws.l(dcmpi.o)
    0x080060f8   0x080060f8   0x000002b0   Code   RO         2222    x$fpl$ddiv          fz_ws.l(ddiv.o)
    0x080063a8   0x080063a8   0x0000005e   Code   RO         2225    x$fpl$dfix          fz_ws.l(dfix.o)
    0x08006406   0x08006406   0x00000002   PAD
    0x08006408   0x08006408   0x0000005a   Code   RO         2229    x$fpl$dfixu         fz_ws.l(dfixu.o)
    0x08006462   0x08006462   0x0000002e   Code   RO         2234    x$fpl$dflt          fz_ws.l(dflt_clz.o)
    0x08006490   0x08006490   0x00000026   Code   RO         2233    x$fpl$dfltu         fz_ws.l(dflt_clz.o)
    0x080064b6   0x080064b6   0x00000002   PAD
    0x080064b8   0x080064b8   0x00000078   Code   RO         2239    x$fpl$dleqf         fz_ws.l(dleqf.o)
    0x08006530   0x08006530   0x00000154   Code   RO         2241    x$fpl$dmul          fz_ws.l(dmul.o)
    0x08006684   0x08006684   0x0000009c   Code   RO         2357    x$fpl$dnaninf       fz_ws.l(dnaninf.o)
    0x08006720   0x08006720   0x0000000c   Code   RO         2359    x$fpl$dretinf       fz_ws.l(dretinf.o)
    0x0800672c   0x0800672c   0x0000006c   Code   RO         2243    x$fpl$drleqf        fz_ws.l(drleqf.o)
    0x08006798   0x08006798   0x00000016   Code   RO         2216    x$fpl$drsb          fz_ws.l(daddsub_clz.o)
    0x080067ae   0x080067ae   0x00000002   PAD
    0x080067b0   0x080067b0   0x000001cc   Code   RO         2361    x$fpl$dsqrt         fz_ws.l(dsqrt_noumaal.o)
    0x0800697c   0x0800697c   0x000001d4   Code   RO         2217    x$fpl$dsub          fz_ws.l(daddsub_clz.o)
    0x08006b50   0x08006b50   0x00000056   Code   RO         2245    x$fpl$f2d           fz_ws.l(f2d.o)
    0x08006ba6   0x08006ba6   0x00000002   PAD
    0x08006ba8   0x08006ba8   0x000000c4   Code   RO         2247    x$fpl$fadd          fz_ws.l(faddsub_clz.o)
    0x08006c6c   0x08006c6c   0x00000018   Code   RO         2363    x$fpl$fcmpinf       fz_ws.l(fcmpi.o)
    0x08006c84   0x08006c84   0x00000184   Code   RO         2254    x$fpl$fdiv          fz_ws.l(fdiv.o)
    0x08006e08   0x08006e08   0x00000030   Code   RO         2258    x$fpl$fflt          fz_ws.l(fflt_clz.o)
    0x08006e38   0x08006e38   0x00000026   Code   RO         2257    x$fpl$ffltu         fz_ws.l(fflt_clz.o)
    0x08006e5e   0x08006e5e   0x00000002   PAD
    0x08006e60   0x08006e60   0x00000068   Code   RO         2263    x$fpl$fleqf         fz_ws.l(fleqf.o)
    0x08006ec8   0x08006ec8   0x00000102   Code   RO         2265    x$fpl$fmul          fz_ws.l(fmul.o)
    0x08006fca   0x08006fca   0x0000008c   Code   RO         2365    x$fpl$fnaninf       fz_ws.l(fnaninf.o)
    0x08007056   0x08007056   0x0000000a   Code   RO         2367    x$fpl$fretinf       fz_ws.l(fretinf.o)
    0x08007060   0x08007060   0x00000062   Code   RO         2267    x$fpl$frleqf        fz_ws.l(frleqf.o)
    0x080070c2   0x080070c2   0x00000002   PAD
    0x080070c4   0x080070c4   0x000000ea   Code   RO         2249    x$fpl$fsub          fz_ws.l(faddsub_clz.o)
    0x080071ae   0x080071ae   0x00000004   Code   RO         2269    x$fpl$printf1       fz_ws.l(printf1.o)
    0x080071b2   0x080071b2   0x00000064   Code   RO         2534    x$fpl$retnan        fz_ws.l(retnan.o)
    0x08007216   0x08007216   0x0000005c   Code   RO         2369    x$fpl$scalbn        fz_ws.l(scalbn.o)
    0x08007272   0x08007272   0x00000030   Code   RO         2542    x$fpl$trapveneer    fz_ws.l(trapv.o)
    0x080072a2   0x080072a2   0x00000000   Code   RO         2371    x$fpl$usenofp       fz_ws.l(usenofp.o)
    0x080072a2   0x080072a2   0x00000006   PAD
    0x080072a8   0x080072a8   0x00000050   Data   RO         2273    .constdata          m_ws.l(acos.o)
    0x080072f8   0x080072f8   0x00000050   Data   RO         2283    .constdata          m_ws.l(asin.o)
    0x08007348   0x08007348   0x00000098   Data   RO         2293    .constdata          m_ws.l(atan.o)
    0x080073e0   0x080073e0   0x00000088   Data   RO         2319    .constdata          m_ws.l(pow.o)
    0x08007468   0x08007468   0x00000030   Data   RO         2373    .constdata          m_ws.l(cos_i.o)
    0x08007498   0x08007498   0x00000008   Data   RO         2393    .constdata          m_ws.l(qnan.o)
    0x080074a0   0x080074a0   0x000000c8   Data   RO         2396    .constdata          m_ws.l(rred.o)
    0x08007568   0x08007568   0x00000028   Data   RO         2400    .constdata          m_ws.l(sin_i.o)
    0x08007590   0x08007590   0x00000094   Data   RO         2437    .constdata          c_w.l(bigflt0.o)
    0x08007624   0x08007624   0x00000020   Data   RO         2613    Region$$Table       anon$$obj.o
    0x08007644   0x08007644   0x0000001c   Data   RO         2465    locale$$data        c_w.l(lc_numeric_c.o)


    Execution Region RW_IRAM1 (Exec base: 0x20000000, Load base: 0x08007660, Size: 0x00000778, Max: 0x00002800, ABSOLUTE)

    Exec Addr    Load Addr    Size         Type   Attr      Idx    E Section Name        Object

    0x20000000   0x08007660   0x00000006   Data   RW           15    .data               main.o
    0x20000006   0x08007666   0x00000002   PAD
    0x20000008   0x08007668   0x00000006   Data   RW          351    .data               bsp_usart.o
    0x2000000e   0x0800766e   0x00000004   Data   RW          398    .data               bsp_delay.o
    0x20000012   0x08007672   0x00000014   Data   RW         1728    .data               stm32f10x_rcc.o
    0x20000026   0x08007686   0x00000002   PAD
    0x20000028   0x08007688   0x00000014   Data   RW         2138    .data               system_stm32f10x.o
    0x2000003c        -       0x00000014   Zero   RW           14    .bss                main.o
    0x20000050        -       0x000000c8   Zero   RW          350    .bss                bsp_usart.o
    0x20000118        -       0x00000060   Zero   RW         2473    .bss                c_w.l(libspace.o)
    0x20000178        -       0x00000200   Zero   RW          566    HEAP                startup_stm32f10x_ld.o
    0x20000378        -       0x00000400   Zero   RW          565    STACK               startup_stm32f10x_ld.o


==============================================================================

Image component sizes


      Code (inc. data)   RO Data    RW Data    ZI Data      Debug   Object Name

        52         18          0          0          0     248763   bsp.o
       144         22          0          4          0       1164   bsp_delay.o
       332         28          0          6        200       4024   bsp_usart.o
      8966        564          0          6         20     218710   main.o
       172         22          0          0          0       2169   misc.o
       618         58          0          0          0       3728   pwm.o
       196         30          0          0          0       2526   pwm_app.o
        64         26        236          0       1536        888   startup_stm32f10x_ld.o
       288          0          0          0          0       2632   stm32f10x_gpio.o
       276         32          0         20          0       4554   stm32f10x_rcc.o
       964         92          0          0          0      10650   stm32f10x_tim.o
       408          6          0          0          0       5170   stm32f10x_usart.o
       328         28          0         20          0       2549   system_stm32f10x.o

    ----------------------------------------------------------------------
     12822        926        268         60       1756     507527   Object Totals
         0          0         32          0          0          0   (incl. Generated)
        14          0          0          4          0          0   (incl. Padding)

    ----------------------------------------------------------------------

      Code (inc. data)   RO Data    RW Data    ZI Data      Debug   Library Member Name

         8          0          0          0          0         68   __main.o
       104          0          0          0          0         84   __printf.o
         0          0          0          0          0          0   __rtentry.o
        12          0          0          0          0          0   __rtentry2.o
         6          0          0          0          0          0   __rtentry4.o
        52          8          0          0          0          0   __scatter.o
        26          0          0          0          0          0   __scatter_copy.o
        28          0          0          0          0          0   __scatter_zi.o
        48          6          0          0          0         96   _printf_char_common.o
        36          4          0          0          0         80   _printf_char_file.o
         6          0          0          0          0          0   _printf_d.o
       120         16          0          0          0         92   _printf_dec.o
         6          0          0          0          0          0   _printf_f.o
      1054          0          0          0          0        216   _printf_fp_dec.o
       128         16          0          0          0         84   _printf_fp_infnan.o
       178          0          0          0          0         88   _printf_intcommon.o
         0          0          0          0          0          0   _printf_percent.o
         4          0          0          0          0          0   _printf_percent_end.o
        22          0          0          0          0        100   _rserrno.o
       228          4        148          0          0         96   bigflt0.o
      1936        128          0          0          0        672   btod.o
        18          0          0          0          0         80   exit.o
         8          0          0          0          0         68   ferror.o
         6          0          0          0          0        152   heapauxi.o
        44         10         28          0          0         76   lc_numeric_c.o
         2          0          0          0          0          0   libinit.o
        18          0          0          0          0          0   libinit2.o
         2          0          0          0          0          0   libshutdown.o
         2          0          0          0          0          0   libshutdown2.o
         8          4          0          0         96         68   libspace.o
       138          0          0          0          0         80   lludiv10.o
        24          4          0          0          0         84   noretval__2printf.o
         8          4          0          0          0         68   rt_errno_addr_intlibspace.o
         8          4          0          0          0         68   rt_locale_intlibspace.o
         2          0          0          0          0          0   rtexit.o
        10          0          0          0          0          0   rtexit2.o
       128          0          0          0          0         68   strcmpv7m.o
        74          0          0          0          0         80   sys_stackheap_outer.o
         2          0          0          0          0         68   use_no_semi.o
         2          0          0          0          0         68   use_no_semi_2.o
        98          4          0          0          0         92   d2f.o
       826         16          0          0          0        348   daddsub_clz.o
        16          4          0          0          0         68   dcheck1.o
        24          0          0          0          0         68   dcmpi.o
       688        140          0          0          0        208   ddiv.o
        94          4          0          0          0         92   dfix.o
        90          4          0          0          0         92   dfixu.o
        84          0          0          0          0        136   dflt_clz.o
       120          4          0          0          0         92   dleqf.o
       340         12          0          0          0        104   dmul.o
       156          4          0          0          0         92   dnaninf.o
        12          0          0          0          0         68   dretinf.o
       108          0          0          0          0         80   drleqf.o
       460         56          0          0          0        120   dsqrt_noumaal.o
        86          4          0          0          0         84   f2d.o
       430          8          0          0          0        168   faddsub_clz.o
        24          0          0          0          0         68   fcmpi.o
       388         76          0          0          0         96   fdiv.o
        86          0          0          0          0        136   fflt_clz.o
       104          4          0          0          0         84   fleqf.o
       258          4          0          0          0         84   fmul.o
       140          4          0          0          0         84   fnaninf.o
        10          0          0          0          0         68   fretinf.o
        98          0          0          0          0         68   frleqf.o
         4          0          0          0          0         68   printf1.o
       100          0          0          0          0         68   retnan.o
        92          0          0          0          0         68   scalbn.o
        48          0          0          0          0         68   trapv.o
         0          0          0          0          0          0   usenofp.o
       636         62         80          0          0        188   acos.o
       624         52         80          0          0        168   asin.o
       544         70        152          0          0        124   atan.o
       384         38          0          0          0        144   atan2.o
       156          8          0          0          0        104   cos.o
       252         22         48          0          0        124   cos_i.o
        68         10          0          0          0        408   dunder.o
        40          0          0          0          0         68   fpclassify.o
       170          0          0          0          0         96   poly.o
      2520        190        136          0          0        324   pow.o
         0          0          8          0          0          0   qnan.o
       904         76        200          0          0        140   rred.o
       160         10          0          0          0        108   sin.o
       236         12         40          0          0        128   sin_i.o
        76          0          0          0          0         84   sqrt.o

    ----------------------------------------------------------------------
     16294       1106        920          0         96       7784   Library Totals
        34          0          0          0          0          0   (incl. Padding)

    ----------------------------------------------------------------------

      Code (inc. data)   RO Data    RW Data    ZI Data      Debug   Library Name

      4506        208        176          0         96       2704   c_w.l
      4984        348          0          0          0       2872   fz_ws.l
      6770        550        744          0          0       2208   m_ws.l

    ----------------------------------------------------------------------
     16294       1106        920          0         96       7784   Library Totals

    ----------------------------------------------------------------------

==============================================================================


      Code (inc. data)   RO Data    RW Data    ZI Data      Debug   

     29116       2032       1188         60       1852     508183   Grand Totals
     29116       2032       1188         60       1852     508183   ELF Image Totals
     29116       2032       1188         60          0          0   ROM Totals

==============================================================================

    Total RO  Size (Code + RO Data)                30304 (  29.59kB)
    Total RW  Size (RW Data + ZI Data)              1912 (   1.87kB)
    Total ROM Size (Code + RO Data + RW Data)      30364 (  29.65kB)

==============================================================================

